2024-05-05 09:31:31,868 : INFO : root : Loading config.
2024-05-05 09:31:31,875 : INFO : YamlMultifileConfigLoader : Machine config file #1: config.yaml
2024-05-05 09:31:31,875 : INFO : ConfigProcessor : Loading config from cache: /var/folders/l2/q8hj_6s91xnb2jxg1sqm0h7r0000gn/T/479bffd5d2f40b527f859677e5b1aef9.mpf_cache
2024-05-05 09:31:31,901 : INFO : ConfigProcessor : Loading config from cache: /var/folders/l2/q8hj_6s91xnb2jxg1sqm0h7r0000gn/T/0481b880979d7ccc71369ad5f781c736.mpf_cache
2024-05-05 09:31:31,901 : INFO : ConfigProcessor : Loading config from cache: /var/folders/l2/q8hj_6s91xnb2jxg1sqm0h7r0000gn/T/9cfa8e96748dd80c23752180dbf36e5c.mpf_cache
2024-05-05 09:31:31,901 : INFO : ConfigProcessor : Loading config from cache: /var/folders/l2/q8hj_6s91xnb2jxg1sqm0h7r0000gn/T/0481b880979d7ccc71369ad5f781c736.mpf_cache
2024-05-05 09:31:31,901 : INFO : ConfigProcessor : Loading config from cache: /var/folders/l2/q8hj_6s91xnb2jxg1sqm0h7r0000gn/T/1875c266911f801b691956fe9e9284d6.mpf_cache
2024-05-05 09:31:31,901 : INFO : ConfigProcessor : Loading config from cache: /var/folders/l2/q8hj_6s91xnb2jxg1sqm0h7r0000gn/T/f97c90855879603280fcc571f5c42639.mpf_cache
2024-05-05 09:31:31,902 : INFO : ConfigProcessor : Loading config from cache: /var/folders/l2/q8hj_6s91xnb2jxg1sqm0h7r0000gn/T/66764f8b68b26fdba6c1f2bce3638479.mpf_cache
2024-05-05 09:31:31,902 : WARNING : ConfigProcessor : Config file in cache changed: /Users/tannerpetch/Documents/GitHub/lofab/modes/mult_fleshy_qualify/config/mult_fleshy_qualify.yaml
2024-05-05 09:31:31,902 : INFO : ConfigProcessor : Loading config from file /Users/tannerpetch/Documents/GitHub/lofab/modes/mult_fleshy_qualify/config/mult_fleshy_qualify.yaml.
2024-05-05 09:31:31,903 : INFO : ConfigProcessor : Loading config: /Users/tannerpetch/Documents/GitHub/lofab/modes/mult_fleshy_qualify/config/mult_fleshy_qualify.yaml
2024-05-05 09:31:31,903 : INFO : ConfigProcessor : Config file cache created: /var/folders/l2/q8hj_6s91xnb2jxg1sqm0h7r0000gn/T/5336ce152edc820b26f3a51a9f95779b.mpf_cache
2024-05-05 09:31:31,903 : INFO : ConfigProcessor : Loading config from cache: /var/folders/l2/q8hj_6s91xnb2jxg1sqm0h7r0000gn/T/3dbc438e88423aa3ff742db2713b600f.mpf_cache
2024-05-05 09:31:31,904 : INFO : ConfigProcessor : Loading config from cache: /var/folders/l2/q8hj_6s91xnb2jxg1sqm0h7r0000gn/T/154d071a3850556c6f3eae37bf41c8b6.mpf_cache
2024-05-05 09:31:31,905 : INFO : ConfigProcessor : Loading config from cache: /var/folders/l2/q8hj_6s91xnb2jxg1sqm0h7r0000gn/T/ab100dbe0e16472b56f0213f3842a00f.mpf_cache
2024-05-05 09:31:31,906 : INFO : ConfigProcessor : Loading config from cache: /var/folders/l2/q8hj_6s91xnb2jxg1sqm0h7r0000gn/T/f03ad90ccd2c053e9e5d10795d01f4ba.mpf_cache
2024-05-05 09:31:31,906 : INFO : ConfigProcessor : Loading config from cache: /var/folders/l2/q8hj_6s91xnb2jxg1sqm0h7r0000gn/T/0f3c951d4c93079ae3fac6429c5bc2ee.mpf_cache
2024-05-05 09:31:31,906 : INFO : ConfigProcessor : Loading config from cache: /var/folders/l2/q8hj_6s91xnb2jxg1sqm0h7r0000gn/T/8bf004783a280ac33d17b88f37848116.mpf_cache
2024-05-05 09:31:31,907 : INFO : ConfigProcessor : Loading config from cache: /var/folders/l2/q8hj_6s91xnb2jxg1sqm0h7r0000gn/T/d5d50eaa09e055f3a827c6269a3aa165.mpf_cache
2024-05-05 09:31:31,908 : INFO : ConfigProcessor : Loading config from cache: /var/folders/l2/q8hj_6s91xnb2jxg1sqm0h7r0000gn/T/250153cb7d132f4134a2e9b694314568.mpf_cache
2024-05-05 09:31:31,908 : INFO : ConfigProcessor : Loading config from cache: /var/folders/l2/q8hj_6s91xnb2jxg1sqm0h7r0000gn/T/bbbe87a2f82c66174798be62d4e8058c.mpf_cache
2024-05-05 09:31:31,908 : INFO : ConfigProcessor : Loading config from cache: /var/folders/l2/q8hj_6s91xnb2jxg1sqm0h7r0000gn/T/eefb91dd78a2b4d0f2b86f7f7cb501a3.mpf_cache
2024-05-05 09:31:31,908 : INFO : ConfigProcessor : Loading config from cache: /var/folders/l2/q8hj_6s91xnb2jxg1sqm0h7r0000gn/T/d32f8b43f49e3e57afbd189fbbccae80.mpf_cache
2024-05-05 09:31:31,908 : INFO : ConfigProcessor : Loading config from cache: /var/folders/l2/q8hj_6s91xnb2jxg1sqm0h7r0000gn/T/08db62a1c5938674fa894d468364ed3e.mpf_cache
2024-05-05 09:31:31,909 : INFO : Machine : Mission Pinball Framework Core Engine v0.80.0.dev1
2024-05-05 09:31:31,909 : INFO : Machine : Command line arguments: {'no_load_cache': False, 'create_config_cache': True, 'bcp': False, 'configfile': ['config.yaml'], 'force_assets_load': False, 'platform_integration_test': False, 'jsonlogging': False, 'logfile': 'logs/2024-05-05-09-31-31-mpf-Tanners-Laptop.local.log', 'pause': False, 'production': False, 'text_ui': True, 'loglevel': 15, 'consoleloglevel': 20, 'force_platform': 'virtual', 'syslog_address': None, 'mc_file_name': None, 'no_sound': False}
2024-05-05 09:31:31,909 : INFO : Machine : MPF path: /Users/tannerpetch/Documents/git/mpf/mpf
2024-05-05 09:31:31,909 : INFO : Machine : Machine path: /Users/tannerpetch/Documents/GitHub/lofab
2024-05-05 09:31:31,909 : INFO : Machine : Platform: darwin
2024-05-05 09:31:31,909 : INFO : Machine : Python executable location: /Users/tannerpetch/mpfenv/bin/python3
2024-05-05 09:31:31,909 : INFO : Machine : Python version: 3.9.13 (64-bit)
2024-05-05 09:31:31,909 : INFO : Machine : Initializing MPF...
2024-05-05 09:31:31,937 : INFO : EventManager : Event: ======'machine_var_credits_string'====== Args={'value': 'FREE PLAY', 'prev_value': None, 'change': True}
2024-05-05 09:31:31,943 : INFO : EventManager : Event: ======'machine_var_master_volume'====== Args={'value': 0.5, 'prev_value': None, 'change': True}
2024-05-05 09:31:31,943 : INFO : EventManager : Event: ======'machine_var_mpf_version'====== Args={'value': 'Mission Pinball Framework v0.80.0.dev1', 'prev_value': None, 'change': True}
2024-05-05 09:31:31,943 : INFO : EventManager : Event: ======'machine_var_mpf_extended_version'====== Args={'value': 'Mission Pinball Framework v0.80.0.dev1, Config version:6, Show version: 6, BCP version:1.1', 'prev_value': None, 'change': True}
2024-05-05 09:31:31,943 : INFO : EventManager : Event: ======'machine_var_python_version'====== Args={'value': '3.9.13', 'prev_value': None, 'change': True}
2024-05-05 09:31:31,950 : INFO : EventManager : Event: ======'machine_var_platform'====== Args={'value': 'macOS-14.3-arm64-arm-64bit', 'prev_value': None, 'change': True}
2024-05-05 09:31:31,950 : INFO : EventManager : Event: ======'machine_var_platform_system'====== Args={'value': 'Darwin', 'prev_value': None, 'change': True}
2024-05-05 09:31:31,950 : INFO : EventManager : Event: ======'machine_var_platform_release'====== Args={'value': '23.3.0', 'prev_value': None, 'change': True}
2024-05-05 09:31:31,950 : INFO : EventManager : Event: ======'machine_var_platform_version'====== Args={'value': 'Darwin Kernel Version 23.3.0: Thu Dec 21 02:29:41 PST 2023; root:xnu-10002.81.5~11/RELEASE_ARM64_T8122', 'prev_value': None, 'change': True}
2024-05-05 09:31:31,950 : INFO : EventManager : Event: ======'machine_var_platform_machine'====== Args={'value': 'arm64', 'prev_value': None, 'change': True}
2024-05-05 09:31:31,950 : INFO : EventManager : Event: ======'init_phase_1'====== Args={}
2024-05-05 09:31:31,963 : INFO : EventManager : Event: ======'init_phase_2'====== Args={}
2024-05-05 09:31:31,965 : INFO : ball_device.bd_vuk : BCH: Initial count: 0
2024-05-05 09:31:31,965 : INFO : ball_device.bd_vuk : State: idle
2024-05-05 09:31:31,965 : INFO : ball_device.bd_trough : BCH: Initial count: 0
2024-05-05 09:31:31,965 : INFO : ball_device.bd_trough : State: idle
2024-05-05 09:31:31,968 : INFO : EventManager : Event: ======'init_phase_3'====== Args={}
2024-05-05 09:31:32,106 : INFO : EventManager : Event: ======'init_phase_4'====== Args={}
2024-05-05 09:31:32,106 : INFO : BallController : Initial balls found: 0
2024-05-05 09:31:32,107 : INFO : EventManager : Event: ======'machine_var_audits_switches_s_stationary_u'====== Args={'value': 0, 'prev_value': None, 'change': True}
2024-05-05 09:31:32,107 : INFO : EventManager : Event: ======'machine_var_audits_switches_s_trough_2'====== Args={'value': 0, 'prev_value': None, 'change': True}
2024-05-05 09:31:32,107 : INFO : EventManager : Event: ======'machine_var_audits_switches_s_stationary_o'====== Args={'value': 0, 'prev_value': None, 'change': True}
2024-05-05 09:31:32,107 : INFO : EventManager : Event: ======'machine_var_audits_switches_s_spinner'====== Args={'value': 0, 'prev_value': None, 'change': True}
2024-05-05 09:31:32,107 : INFO : EventManager : Event: ======'machine_var_audits_switches_s_sling_r'====== Args={'value': 0, 'prev_value': None, 'change': True}
2024-05-05 09:31:32,107 : INFO : EventManager : Event: ======'machine_var_audits_switches_s_ramp_r'====== Args={'value': 0, 'prev_value': None, 'change': True}
2024-05-05 09:31:32,107 : INFO : EventManager : Event: ======'machine_var_audits_switches_s_flipper_l'====== Args={'value': 0, 'prev_value': None, 'change': True}
2024-05-05 09:31:32,107 : INFO : EventManager : Event: ======'machine_var_audits_switches_s_trough_4'====== Args={'value': 0, 'prev_value': None, 'change': True}
2024-05-05 09:31:32,107 : INFO : EventManager : Event: ======'machine_var_audits_switches_s_start'====== Args={'value': 0, 'prev_value': None, 'change': True}
2024-05-05 09:31:32,107 : INFO : EventManager : Event: ======'machine_var_audits_switches_s_trough_1'====== Args={'value': 0, 'prev_value': None, 'change': True}
2024-05-05 09:31:32,107 : INFO : EventManager : Event: ======'machine_var_audits_switches_s_h'====== Args={'value': 0, 'prev_value': None, 'change': True}
2024-05-05 09:31:32,107 : INFO : EventManager : Event: ======'machine_var_audits_switches_s_ramp_l'====== Args={'value': 0, 'prev_value': None, 'change': True}
2024-05-05 09:31:32,107 : INFO : EventManager : Event: ======'machine_var_audits_switches_s_launch'====== Args={'value': 0, 'prev_value': None, 'change': True}
2024-05-05 09:31:32,107 : INFO : EventManager : Event: ======'machine_var_audits_switches_s_stationary_back'====== Args={'value': 0, 'prev_value': None, 'change': True}
2024-05-05 09:31:32,108 : INFO : EventManager : Event: ======'machine_var_audits_switches_s_ramp_complete'====== Args={'value': 0, 'prev_value': None, 'change': True}
2024-05-05 09:31:32,108 : INFO : EventManager : Event: ======'machine_var_audits_switches_s_trough_3'====== Args={'value': 0, 'prev_value': None, 'change': True}
2024-05-05 09:31:32,108 : INFO : EventManager : Event: ======'machine_var_audits_switches_s_stationary_s'====== Args={'value': 0, 'prev_value': None, 'change': True}
2024-05-05 09:31:32,108 : INFO : EventManager : Event: ======'machine_var_audits_switches_s_vuk'====== Args={'value': 0, 'prev_value': None, 'change': True}
2024-05-05 09:31:32,108 : INFO : EventManager : Event: ======'machine_var_audits_switches_s_tilt_l'====== Args={'value': 0, 'prev_value': None, 'change': True}
2024-05-05 09:31:32,108 : INFO : EventManager : Event: ======'machine_var_audits_switches_s_sling_l'====== Args={'value': 0, 'prev_value': None, 'change': True}
2024-05-05 09:31:32,108 : INFO : EventManager : Event: ======'machine_var_audits_switches_s_tilt_r'====== Args={'value': 0, 'prev_value': None, 'change': True}
2024-05-05 09:31:32,108 : INFO : EventManager : Event: ======'machine_var_audits_switches_s_e'====== Args={'value': 0, 'prev_value': None, 'change': True}
2024-05-05 09:31:32,108 : INFO : EventManager : Event: ======'machine_var_audits_switches_s_flipper_r'====== Args={'value': 0, 'prev_value': None, 'change': True}
2024-05-05 09:31:32,108 : INFO : EventManager : Event: ======'machine_var_audits_switches_s_pop'====== Args={'value': 0, 'prev_value': None, 'change': True}
2024-05-05 09:31:32,108 : INFO : EventManager : Event: ======'machine_var_audits_events_game_started'====== Args={'value': 0, 'prev_value': None, 'change': True}
2024-05-05 09:31:32,108 : INFO : EventManager : Event: ======'machine_var_audits_events_game_ended'====== Args={'value': 0, 'prev_value': None, 'change': True}
2024-05-05 09:31:32,108 : INFO : EventManager : Event: ======'machine_var_audits_player_score'====== Args={'value': {'top': [], 'average': 0, 'total': 0}, 'prev_value': None, 'change': True}
2024-05-05 09:31:32,108 : INFO : EventManager : Event: ======'init_phase_5'====== Args={}
2024-05-05 09:31:32,109 : INFO : EventManager : Event: ======'init_done'====== Args={}
2024-05-05 09:31:32,109 : INFO : EventManager : Event: ======'machine_reset_phase_1'====== Args={}
2024-05-05 09:31:32,109 : INFO : EventManager : Event: ======'machine_reset_phase_2'====== Args={}
2024-05-05 09:31:32,109 : INFO : EventManager : Event: ======'machine_reset_phase_3'====== Args={}
2024-05-05 09:31:32,109 : INFO : EventManager : Event: ======'reset_complete'====== Args={}
2024-05-05 09:31:32,109 : INFO : EventManager : Event: ======'mode_attract_will_start'====== Args={}
2024-05-05 09:31:32,109 : INFO : EventManager : Event: ======'mode_attract_starting'====== Args={}
2024-05-05 09:31:32,109 : INFO : Mode.attract : Started. Priority: 10
2024-05-05 09:31:32,109 : INFO : EventManager : Event: ======'modes_active_modes_changed'====== Args={}
2024-05-05 09:31:32,109 : INFO : EventManager : Event: ======'mode_attract_started'====== Args={}
2024-05-05 09:31:32,109 : INFO : EventManager : Event: ======'collecting_balls_complete'====== Args={}
2024-05-05 09:31:32,110 : INFO : Machine : Starting the main run loop.
2024-05-05 09:31:32,872 : INFO : BcpServer : New client connected.
2024-05-05 09:31:36,839 : INFO : SwitchController : <<<<<<< 's_trough_1' active >>>>>>>
2024-05-05 09:31:36,989 : INFO : SwitchController : <<<<<<< 's_trough_1' inactive >>>>>>>
2024-05-05 09:31:37,374 : INFO : SwitchController : <<<<<<< 's_trough_1' active >>>>>>>
2024-05-05 09:31:37,875 : INFO : EventManager : Event: ======'balldevice_bd_trough_ball_count_changed'====== Args={'balls': 1}
2024-05-05 09:31:37,875 : INFO : ball_device.bd_trough : Received unexpected ball
2024-05-05 09:31:37,875 : INFO : EventManager : Event: ======'balldevice_captured_from_playfield'====== Args={'balls': 1}
2024-05-05 09:31:37,876 : INFO : EventManager : Event: ======'sw_playfield_active'====== Args={'balls': 1}
2024-05-05 09:31:37,876 : INFO : EventManager : Event: ======'playfield_active'====== Args={}
2024-05-05 09:31:37,876 : INFO : EventManager : Event: ======'unexpected_ball_on_playfield'====== Args={}
2024-05-05 09:31:37,876 : INFO : EventManager : Event: ======'playfield_ball_count_change'====== Args={'balls': -1, 'change': -1}
2024-05-05 09:31:37,876 : INFO : EventManager : Event: ======'balldevice_playfield_ball_enter'====== Args={'new_balls': 1, 'unclaimed_balls': 1, 'device': <playfield.playfield>}
2024-05-05 09:31:37,877 : INFO : EventManager : Event: ======'playfield_ball_count_change'====== Args={'balls': 0, 'change': 1}
2024-05-05 09:31:37,877 : INFO : BallController : Found a new ball which was captured from playfield. Known balls: 1
2024-05-05 09:31:37,877 : INFO : EventManager : Event: ======'found_new_ball'====== Args={}
2024-05-05 09:31:37,877 : INFO : EventManager : Event: ======'balldevice_bd_trough_ball_enter'====== Args={'new_balls': 1, 'unclaimed_balls': 1, 'new_available_balls': 1, 'device': <ball_device.bd_trough>}
2024-05-05 09:31:37,878 : INFO : EventManager : Event: ======'ball_drain'====== Args={'device': <ball_device.bd_trough>, 'balls': 1}
2024-05-05 09:31:37,878 : INFO : EventManager : Event: ======'balldevice_balls_available'====== Args={}
2024-05-05 09:31:37,878 : INFO : EventManager : Event: ======'balldevice_bd_trough_ball_entered'====== Args={'new_balls': 1, 'device': <ball_device.bd_trough>}
2024-05-05 09:31:38,690 : INFO : SwitchController : <<<<<<< 's_start' active >>>>>>>
2024-05-05 09:31:38,790 : INFO : SwitchController : <<<<<<< 's_start' inactive >>>>>>>
2024-05-05 09:31:38,791 : INFO : EventManager : Event: ======'request_to_start_game'====== Args={}
2024-05-05 09:31:38,791 : INFO : EventManager : Event: ======'game_start'====== Args={'buttons': [], 'hold_time': 0.10060645799999968}
2024-05-05 09:31:38,792 : INFO : EventManager : Event: ======'mode_game_will_start'====== Args={'buttons': [], 'hold_time': 0.10060645799999968}
2024-05-05 09:31:38,793 : INFO : EventManager : Event: ======'mode_game_starting'====== Args={'buttons': [], 'hold_time': 0.10060645799999968}
2024-05-05 09:31:38,793 : INFO : EventManager : Event: ======'mode_attract_will_stop'====== Args={}
2024-05-05 09:31:38,793 : INFO : EventManager : Event: ======'mode_attract_stopping'====== Args={}
2024-05-05 09:31:38,793 : INFO : Mode.attract : Stopped.
2024-05-05 09:31:38,793 : INFO : EventManager : Event: ======'modes_active_modes_changed'====== Args={}
2024-05-05 09:31:38,795 : INFO : EventManager : Event: ======'mode_attract_stopped'====== Args={}
2024-05-05 09:31:38,795 : INFO : EventManager : Event: ======'clear'====== Args={'key': 'attract'}
2024-05-05 09:31:38,796 : INFO : Mode.game : Started. Priority: 20
2024-05-05 09:31:38,796 : INFO : EventManager : Event: ======'modes_active_modes_changed'====== Args={}
2024-05-05 09:31:38,796 : INFO : EventManager : Event: ======'mode_game_started'====== Args={'buttons': [], 'hold_time': 0.10060645799999968}
2024-05-05 09:31:38,797 : INFO : EventManager : Event: ======'game_will_start'====== Args={}
2024-05-05 09:31:38,797 : INFO : EventManager : Event: ======'game_starting'====== Args={'game': <Mode.game>}
2024-05-05 09:31:38,798 : INFO : EventManager : Unordered handler for class <Auditor> on event game_ended with priority 1. Handlers: [RegisteredHandler(callback=<bound method Auditor.disable of <Auditor>>, priority=1, kwargs={}, key=UUID('f14190ba-7eff-49f2-bdd4-e34132e76f8a'), condition=None, blocking_facility=None), RegisteredHandler(callback=<bound method Auditor._save_audits of <Auditor>>, priority=1, kwargs={}, key=UUID('0ad1c116-e7ee-4552-a6db-d36d6cfc668b'), condition=None, blocking_facility=None)]. The order of those handlers is not defined and they will be executed in random order. This might lead to race conditions and potential bugs.
2024-05-05 09:31:38,798 : INFO : EventManager : Event: ======'player_add_request'====== Args={}
2024-05-05 09:31:38,798 : INFO : EventManager : Event: ======'player_will_add'====== Args={'number': 1}
2024-05-05 09:31:38,799 : INFO : EventManager : Event: ======'player_adding'====== Args={'player': <Player 1>, 'number': 1}
2024-05-05 09:31:38,799 : INFO : EventManager : Event: ======'player_added'====== Args={'player': <Player 1>, 'num': 1}
2024-05-05 09:31:38,799 : INFO : Mode.game : Player added successfully. Total players: 1
2024-05-05 09:31:38,799 : INFO : EventManager : Event: ======'player_index'====== Args={'value': 0, 'prev_value': 0, 'change': 0, 'player_num': 1}
2024-05-05 09:31:38,800 : INFO : EventManager : Event: ======'player_number'====== Args={'value': 1, 'prev_value': 1, 'change': 0, 'player_num': 1}
2024-05-05 09:31:38,800 : INFO : EventManager : Event: ======'player_score'====== Args={'value': 0, 'prev_value': 0, 'change': 0, 'player_num': 1}
2024-05-05 09:31:38,801 : INFO : EventManager : Event: ======'game_started'====== Args={}
2024-05-05 09:31:38,801 : INFO : EventManager : Event: ======'player_turn_will_start'====== Args={'player': <Player 1>, 'number': 1}
2024-05-05 09:31:38,812 : INFO : EventManager : Event: ======'player_turn_starting'====== Args={'player': <Player 1>, 'number': 1}
2024-05-05 09:31:38,814 : INFO : EventManager : Event: ======'player_ball'====== Args={'value': 1, 'prev_value': 0, 'change': 1, 'player_num': 1}
2024-05-05 09:31:38,814 : INFO : EventManager : Event: ======'player_turn_started'====== Args={'player': <Player 1>, 'number': 1}
2024-05-05 09:31:38,814 : INFO : EventManager : Event: ======'ball_will_start'====== Args={'player': 1, 'ball': 1, 'balls_remaining': 2, 'is_extra_ball': False}
2024-05-05 09:31:38,815 : INFO : EventManager : Event: ======'ball_starting'====== Args={'player': 1, 'ball': 1, 'balls_remaining': 2, 'is_extra_ball': False}
2024-05-05 09:31:38,815 : INFO : EventManager : Event: ======'mode_base_will_start'====== Args={'queue': <QueuedEvent>, 'player': 1, 'ball': 1, 'balls_remaining': 2, 'is_extra_ball': False}
2024-05-05 09:31:38,815 : INFO : EventManager : Event: ======'player_shot_r_pop_enabled'====== Args={'value': True, 'prev_value': 0, 'change': 1, 'player_num': 1}
2024-05-05 09:31:38,816 : INFO : EventManager : Event: ======'player_shot_r_sling_l_enabled'====== Args={'value': True, 'prev_value': 0, 'change': 1, 'player_num': 1}
2024-05-05 09:31:38,816 : INFO : EventManager : Event: ======'player_shot_r_sling_r_enabled'====== Args={'value': True, 'prev_value': 0, 'change': 1, 'player_num': 1}
2024-05-05 09:31:38,817 : INFO : EventManager : Event: ======'mode_base_starting'====== Args={'queue': <QueuedEvent>, 'player': 1, 'ball': 1, 'balls_remaining': 2, 'is_extra_ball': False}
2024-05-05 09:31:38,817 : INFO : EventManager : Event: ======'waiting_for_launch_press'====== Args={}
2024-05-05 09:31:38,817 : INFO : EventManager : Event: ======'mode_launch_shows_will_start'====== Args={}
2024-05-05 09:31:38,818 : INFO : EventManager : Event: ======'mode_launch_shows_starting'====== Args={}
2024-05-05 09:31:38,818 : INFO : Mode.launch_shows : Started. Priority: 180
2024-05-05 09:31:38,818 : INFO : EventManager : Event: ======'modes_active_modes_changed'====== Args={}
2024-05-05 09:31:38,818 : INFO : EventManager : Event: ======'mode_launch_shows_started'====== Args={}
2024-05-05 09:31:38,819 : ERROR : asyncio : Exception in callback EventManager.process_event_queue()
handle: <Handle EventManager.process_event_queue()>
Traceback (most recent call last):
  File "/Users/tannerpetch/Documents/git/mpf/mpf/core/show_controller.py", line 130, in replace_or_advance_show
    show_obj = self.machine.shows[config.name]
KeyError: 'launch_lcd_show'

During handling of the above exception, another exception occurred:

Traceback (most recent call last):
  File "/Users/tannerpetch/Documents/git/mpf/mpf/core/events.py", line 755, in _run_handlers
    result = handler.callback(**merged_kwargs)
  File "/Users/tannerpetch/Documents/git/mpf/mpf/core/config_player.py", line 348, in config_play_callback
    return self.play(settings=settings, context=context, calling_context=calling_context, priority=priority,
  File "/Users/tannerpetch/Documents/git/mpf/mpf/config_players/show_player.py", line 60, in play
    self._update_show(show.name, show_settings, context, queue, start_time, show_tokens)
  File "/Users/tannerpetch/Documents/git/mpf/mpf/config_players/show_player.py", line 225, in _update_show
    action(key, instance_dict, show_name, show_settings, queue, start_time, placeholder_args)
  File "/Users/tannerpetch/Documents/git/mpf/mpf/config_players/show_player.py", line 117, in _play
    instance_dict[key] = self.machine.show_controller.replace_or_advance_show(previous_show, show_config,
  File "/Users/tannerpetch/Documents/git/mpf/mpf/core/show_controller.py", line 132, in replace_or_advance_show
    raise KeyError("Cannot play show '{}'. No show with that "
KeyError: "Cannot play show 'launch_lcd_show'. No show with that name."

The above exception was the direct cause of the following exception:

Traceback (most recent call last):
  File "/Library/Frameworks/Python.framework/Versions/3.9/lib/python3.9/asyncio/events.py", line 80, in _run
    self._context.run(self._callback, *self._args)
  File "/Users/tannerpetch/Documents/git/mpf/mpf/core/events.py", line 846, in process_event_queue
    self._process_event(event=event[0],
  File "/Users/tannerpetch/Documents/git/mpf/mpf/core/events.py", line 808, in _process_event
    result = self._run_handlers(event, ev_type, kwargs)
  File "/Users/tannerpetch/Documents/git/mpf/mpf/core/events.py", line 757, in _run_handlers
    raise EventHandlerException(
mpf.core.events.EventHandlerException: Exception while processing RegisteredHandler(callback=<bound method ConfigPlayer.config_play_callback of ConfigPlayer.show_player/shows>, priority=181, kwargs={'calling_context': 'mode_launch_shows_started.1', 'mode': <Mode.launch_shows>, 'settings': {launch_lcd_show-None-None: {'priority': 0, 'action': 'play', 'show': None, 'speed': <NativeTemplate 1.0>, 'block_queue': False, 'start_step': <NativeTemplate 1>, 'start_running': <Template True>, 'loops': -1, 'sync_ms': None, 'manual_advance': False, 'show_queue': None, 'key': None, 'show_tokens': {}, 'events_when_played': [], 'events_when_stopped': [], 'events_when_looped': [], 'events_when_paused': [], 'events_when_resumed': [], 'events_when_advanced': [], 'events_when_stepped_back': [], 'events_when_updated': [], 'events_when_completed': []}}}, key=UUID('3db261b6-964a-4933-abd0-637e89a29e88'), condition=None, blocking_facility=None) for event mode_launch_shows_started. "Cannot play show 'launch_lcd_show'. No show with that name."
2024-05-05 09:31:38,821 : INFO : Mode.base : Will not start because machine is shutting down.
2024-05-05 09:31:38,821 : INFO : Machine : Shutting down...
2024-05-05 09:31:38,821 : INFO : EventManager : Event: ======'shutdown'====== Args={}
2024-05-05 09:31:38,822 : INFO : EventManager : Event: ======'mode_game_will_stop'====== Args={}
2024-05-05 09:31:38,822 : INFO : EventManager : Event: ======'mode_game_stopping'====== Args={}
2024-05-05 09:31:38,822 : INFO : EventManager : Event: ======'mode_launch_shows_will_stop'====== Args={}
2024-05-05 09:31:38,822 : INFO : EventManager : Event: ======'mode_launch_shows_stopping'====== Args={}
2024-05-05 09:31:38,823 : INFO : Mode.launch_shows : Stopped.
2024-05-05 09:31:38,823 : INFO : EventManager : Event: ======'modes_active_modes_changed'====== Args={}
2024-05-05 09:31:38,823 : INFO : EventManager : Event: ======'mode_launch_shows_stopped'====== Args={}
2024-05-05 09:31:38,823 : INFO : EventManager : Event: ======'clear'====== Args={'key': 'launch_shows'}
2024-05-05 09:31:38,823 : INFO : Mode.game : Stopped.
2024-05-05 09:31:38,823 : INFO : EventManager : Event: ======'modes_active_modes_changed'====== Args={}
2024-05-05 09:31:38,823 : INFO : EventManager : Event: ======'mode_game_stopped'====== Args={}
2024-05-05 09:31:38,823 : INFO : EventManager : Event: ======'clear'====== Args={'key': 'game'}
2024-05-05 09:31:39,825 : ERROR : Machine : Runtime Exception
Traceback (most recent call last):
  File "/Users/tannerpetch/Documents/git/mpf/mpf/core/show_controller.py", line 130, in replace_or_advance_show
    show_obj = self.machine.shows[config.name]
KeyError: 'launch_lcd_show'

During handling of the above exception, another exception occurred:

Traceback (most recent call last):
  File "/Users/tannerpetch/Documents/git/mpf/mpf/core/events.py", line 755, in _run_handlers
    result = handler.callback(**merged_kwargs)
  File "/Users/tannerpetch/Documents/git/mpf/mpf/core/config_player.py", line 348, in config_play_callback
    return self.play(settings=settings, context=context, calling_context=calling_context, priority=priority,
  File "/Users/tannerpetch/Documents/git/mpf/mpf/config_players/show_player.py", line 60, in play
    self._update_show(show.name, show_settings, context, queue, start_time, show_tokens)
  File "/Users/tannerpetch/Documents/git/mpf/mpf/config_players/show_player.py", line 225, in _update_show
    action(key, instance_dict, show_name, show_settings, queue, start_time, placeholder_args)
  File "/Users/tannerpetch/Documents/git/mpf/mpf/config_players/show_player.py", line 117, in _play
    instance_dict[key] = self.machine.show_controller.replace_or_advance_show(previous_show, show_config,
  File "/Users/tannerpetch/Documents/git/mpf/mpf/core/show_controller.py", line 132, in replace_or_advance_show
    raise KeyError("Cannot play show '{}'. No show with that "
KeyError: "Cannot play show 'launch_lcd_show'. No show with that name."

The above exception was the direct cause of the following exception:

Traceback (most recent call last):
  File "/Users/tannerpetch/Documents/git/mpf/mpf/core/machine.py", line 793, in _run_loop
    raise self._exception['exception']
  File "/Library/Frameworks/Python.framework/Versions/3.9/lib/python3.9/asyncio/events.py", line 80, in _run
    self._context.run(self._callback, *self._args)
  File "/Users/tannerpetch/Documents/git/mpf/mpf/core/events.py", line 846, in process_event_queue
    self._process_event(event=event[0],
  File "/Users/tannerpetch/Documents/git/mpf/mpf/core/events.py", line 808, in _process_event
    result = self._run_handlers(event, ev_type, kwargs)
  File "/Users/tannerpetch/Documents/git/mpf/mpf/core/events.py", line 757, in _run_handlers
    raise EventHandlerException(
mpf.core.events.EventHandlerException: Exception while processing RegisteredHandler(callback=<bound method ConfigPlayer.config_play_callback of ConfigPlayer.show_player/shows>, priority=181, kwargs={'calling_context': 'mode_launch_shows_started.1', 'mode': <Mode.launch_shows>, 'settings': {launch_lcd_show-None-None: {'priority': 0, 'action': 'play', 'show': None, 'speed': <NativeTemplate 1.0>, 'block_queue': False, 'start_step': <NativeTemplate 1>, 'start_running': <Template True>, 'loops': -1, 'sync_ms': None, 'manual_advance': False, 'show_queue': None, 'key': None, 'show_tokens': {}, 'events_when_played': [], 'events_when_stopped': [], 'events_when_looped': [], 'events_when_paused': [], 'events_when_resumed': [], 'events_when_advanced': [], 'events_when_stepped_back': [], 'events_when_updated': [], 'events_when_completed': []}}}, key=UUID('3db261b6-964a-4933-abd0-637e89a29e88'), condition=None, blocking_facility=None) for event mode_launch_shows_started. "Cannot play show 'launch_lcd_show'. No show with that name."
2024-05-05 09:31:39,829 : INFO : root : MPF run loop ended.
