2024-05-03 10:09:43,881 : INFO : root : Loading config.
2024-05-03 10:09:43,883 : INFO : YamlMultifileConfigLoader : Machine config file #1: config.yaml
2024-05-03 10:09:43,883 : INFO : ConfigProcessor : Loading config from cache: /var/folders/l2/q8hj_6s91xnb2jxg1sqm0h7r0000gn/T/479bffd5d2f40b527f859677e5b1aef9.mpf_cache
2024-05-03 10:09:43,908 : INFO : ConfigProcessor : Loading config from cache: /var/folders/l2/q8hj_6s91xnb2jxg1sqm0h7r0000gn/T/0481b880979d7ccc71369ad5f781c736.mpf_cache
2024-05-03 10:09:43,908 : INFO : ConfigProcessor : Loading config from cache: /var/folders/l2/q8hj_6s91xnb2jxg1sqm0h7r0000gn/T/9cfa8e96748dd80c23752180dbf36e5c.mpf_cache
2024-05-03 10:09:43,908 : INFO : ConfigProcessor : Loading config from cache: /var/folders/l2/q8hj_6s91xnb2jxg1sqm0h7r0000gn/T/0481b880979d7ccc71369ad5f781c736.mpf_cache
2024-05-03 10:09:43,908 : INFO : ConfigProcessor : Loading config from cache: /var/folders/l2/q8hj_6s91xnb2jxg1sqm0h7r0000gn/T/1875c266911f801b691956fe9e9284d6.mpf_cache
2024-05-03 10:09:43,909 : INFO : ConfigProcessor : Loading config from cache: /var/folders/l2/q8hj_6s91xnb2jxg1sqm0h7r0000gn/T/f97c90855879603280fcc571f5c42639.mpf_cache
2024-05-03 10:09:43,909 : INFO : ConfigProcessor : Loading config from cache: /var/folders/l2/q8hj_6s91xnb2jxg1sqm0h7r0000gn/T/66764f8b68b26fdba6c1f2bce3638479.mpf_cache
2024-05-03 10:09:43,909 : INFO : ConfigProcessor : Loading config from cache: /var/folders/l2/q8hj_6s91xnb2jxg1sqm0h7r0000gn/T/3dbc438e88423aa3ff742db2713b600f.mpf_cache
2024-05-03 10:09:43,910 : INFO : ConfigProcessor : Loading config from cache: /var/folders/l2/q8hj_6s91xnb2jxg1sqm0h7r0000gn/T/154d071a3850556c6f3eae37bf41c8b6.mpf_cache
2024-05-03 10:09:43,910 : INFO : ConfigProcessor : Loading config from cache: /var/folders/l2/q8hj_6s91xnb2jxg1sqm0h7r0000gn/T/ab100dbe0e16472b56f0213f3842a00f.mpf_cache
2024-05-03 10:09:43,912 : INFO : ConfigProcessor : Loading config from cache: /var/folders/l2/q8hj_6s91xnb2jxg1sqm0h7r0000gn/T/f03ad90ccd2c053e9e5d10795d01f4ba.mpf_cache
2024-05-03 10:09:43,912 : INFO : ConfigProcessor : Loading config from cache: /var/folders/l2/q8hj_6s91xnb2jxg1sqm0h7r0000gn/T/0f3c951d4c93079ae3fac6429c5bc2ee.mpf_cache
2024-05-03 10:09:43,912 : INFO : ConfigProcessor : Loading config from cache: /var/folders/l2/q8hj_6s91xnb2jxg1sqm0h7r0000gn/T/8bf004783a280ac33d17b88f37848116.mpf_cache
2024-05-03 10:09:43,913 : INFO : ConfigProcessor : Loading config from cache: /var/folders/l2/q8hj_6s91xnb2jxg1sqm0h7r0000gn/T/d5d50eaa09e055f3a827c6269a3aa165.mpf_cache
2024-05-03 10:09:43,913 : INFO : ConfigProcessor : Loading config from cache: /var/folders/l2/q8hj_6s91xnb2jxg1sqm0h7r0000gn/T/250153cb7d132f4134a2e9b694314568.mpf_cache
2024-05-03 10:09:43,913 : INFO : ConfigProcessor : Loading config from cache: /var/folders/l2/q8hj_6s91xnb2jxg1sqm0h7r0000gn/T/bbbe87a2f82c66174798be62d4e8058c.mpf_cache
2024-05-03 10:09:43,914 : INFO : Machine : Mission Pinball Framework Core Engine v0.80.0.dev1
2024-05-03 10:09:43,914 : INFO : Machine : Command line arguments: {'no_load_cache': False, 'create_config_cache': True, 'bcp': False, 'configfile': ['config.yaml'], 'force_assets_load': False, 'platform_integration_test': False, 'jsonlogging': False, 'logfile': 'logs/2024-05-03-10-09-43-mpf-Tanners-Laptop.local.log', 'pause': False, 'production': False, 'text_ui': True, 'loglevel': 15, 'consoleloglevel': 20, 'force_platform': None, 'syslog_address': None, 'mc_file_name': None, 'no_sound': False}
2024-05-03 10:09:43,914 : INFO : Machine : MPF path: /Users/tannerpetch/Documents/git/mpf/mpf
2024-05-03 10:09:43,914 : INFO : Machine : Machine path: /Users/tannerpetch/Documents/GitHub/lofab
2024-05-03 10:09:43,914 : INFO : Machine : Platform: darwin
2024-05-03 10:09:43,914 : INFO : Machine : Python executable location: /Users/tannerpetch/mpfenv/bin/python3
2024-05-03 10:09:43,914 : INFO : Machine : Python version: 3.9.13 (64-bit)
2024-05-03 10:09:43,914 : INFO : Machine : Initializing MPF...
2024-05-03 10:09:44,047 : INFO : FAST [NET] : Trying to connect to com3 at 921600bps
2024-05-03 10:09:44,047 : ERROR : FAST [NET] : Failed to connect to any of the specified ports.
2024-05-03 10:09:44,047 : INFO : Machine : Shutting down...
2024-05-03 10:09:44,047 : INFO : EventManager : Event: ======'shutdown'====== Args={}
2024-05-03 10:09:44,148 : ERROR : Machine : Failed to initialize MPF
Traceback (most recent call last):
  File "/Users/tannerpetch/Documents/git/mpf/mpf/platforms/fast/fast.py", line 277, in _connect_to_hardware
    await communicator.connect()
  File "/Users/tannerpetch/Documents/git/mpf/mpf/platforms/fast/communicators/base.py", line 114, in connect
    raise SerialException(f"{self} could not connect to a serial port. Is it open in CoolTerm? ;)")
serial.serialutil.SerialException: [FAST NET] could not connect to a serial port. Is it open in CoolTerm? ;)

The above exception was the direct cause of the following exception:

Traceback (most recent call last):
  File "/Users/tannerpetch/Documents/git/mpf/mpf/core/machine.py", line 675, in initialize_mpf
    raise init.exception()
  File "/Users/tannerpetch/Documents/git/mpf/mpf/core/machine.py", line 247, in initialize
    await self.initialize_core_and_hardware()
  File "/Users/tannerpetch/Documents/git/mpf/mpf/core/machine.py", line 243, in initialize_core_and_hardware
    await self._initialize_platforms()
  File "/Users/tannerpetch/Documents/git/mpf/mpf/core/machine.py", line 333, in _initialize_platforms
    result.result()
  File "/Users/tannerpetch/Documents/git/mpf/mpf/platforms/fast/fast.py", line 123, in initialize
    await self._connect_to_hardware()
  File "/Users/tannerpetch/Documents/git/mpf/mpf/platforms/fast/fast.py", line 284, in _connect_to_hardware
    raise MpfRuntimeError(f"Could not open serial port {port}. Is something else connected to the port? "
mpf.exceptions.runtime_error.MpfRuntimeError: Runtime Error in FAST: Could not open serial port net. Is something else connected to the port? Did the port number or your computer change? Do you have permissions to access the port? Error Code: RE-FAST-1 (https://missionpinball.org/logs)
2024-05-03 10:09:44,150 : INFO : root : MPF run loop ended.
