2024-05-07 06:04:49,687 : INFO : root : Loading config.
2024-05-07 06:04:49,689 : INFO : YamlMultifileConfigLoader : Machine config file #1: config.yaml
2024-05-07 06:04:49,689 : INFO : ConfigProcessor : Loading config from cache: /var/folders/l2/q8hj_6s91xnb2jxg1sqm0h7r0000gn/T/479bffd5d2f40b527f859677e5b1aef9.mpf_cache
2024-05-07 06:04:49,713 : INFO : ConfigProcessor : Loading config from cache: /var/folders/l2/q8hj_6s91xnb2jxg1sqm0h7r0000gn/T/0481b880979d7ccc71369ad5f781c736.mpf_cache
2024-05-07 06:04:49,713 : INFO : ConfigProcessor : Loading config from cache: /var/folders/l2/q8hj_6s91xnb2jxg1sqm0h7r0000gn/T/9cfa8e96748dd80c23752180dbf36e5c.mpf_cache
2024-05-07 06:04:49,714 : INFO : ConfigProcessor : Loading config from cache: /var/folders/l2/q8hj_6s91xnb2jxg1sqm0h7r0000gn/T/0481b880979d7ccc71369ad5f781c736.mpf_cache
2024-05-07 06:04:49,714 : INFO : ConfigProcessor : Loading config from cache: /var/folders/l2/q8hj_6s91xnb2jxg1sqm0h7r0000gn/T/1875c266911f801b691956fe9e9284d6.mpf_cache
2024-05-07 06:04:49,714 : INFO : ConfigProcessor : Loading config from cache: /var/folders/l2/q8hj_6s91xnb2jxg1sqm0h7r0000gn/T/f97c90855879603280fcc571f5c42639.mpf_cache
2024-05-07 06:04:49,714 : INFO : ConfigProcessor : Loading config from cache: /var/folders/l2/q8hj_6s91xnb2jxg1sqm0h7r0000gn/T/5336ce152edc820b26f3a51a9f95779b.mpf_cache
2024-05-07 06:04:49,714 : INFO : ConfigProcessor : Loading config from cache: /var/folders/l2/q8hj_6s91xnb2jxg1sqm0h7r0000gn/T/584196ece55f676a535bfbda3a88171a.mpf_cache
2024-05-07 06:04:49,715 : INFO : ConfigProcessor : Loading config from cache: /var/folders/l2/q8hj_6s91xnb2jxg1sqm0h7r0000gn/T/4b1e343fa9806c398ec7ee103dcfa7e2.mpf_cache
2024-05-07 06:04:49,715 : INFO : ConfigProcessor : Loading config from cache: /var/folders/l2/q8hj_6s91xnb2jxg1sqm0h7r0000gn/T/66764f8b68b26fdba6c1f2bce3638479.mpf_cache
2024-05-07 06:04:49,715 : INFO : ConfigProcessor : Loading config from cache: /var/folders/l2/q8hj_6s91xnb2jxg1sqm0h7r0000gn/T/2b5fdb8fd0e736387486af32f8df92fd.mpf_cache
2024-05-07 06:04:49,715 : INFO : ConfigProcessor : Loading config from cache: /var/folders/l2/q8hj_6s91xnb2jxg1sqm0h7r0000gn/T/3dbc438e88423aa3ff742db2713b600f.mpf_cache
2024-05-07 06:04:49,716 : INFO : ConfigProcessor : Loading config from cache: /var/folders/l2/q8hj_6s91xnb2jxg1sqm0h7r0000gn/T/154d071a3850556c6f3eae37bf41c8b6.mpf_cache
2024-05-07 06:04:49,717 : INFO : ConfigProcessor : Loading config from cache: /var/folders/l2/q8hj_6s91xnb2jxg1sqm0h7r0000gn/T/ab100dbe0e16472b56f0213f3842a00f.mpf_cache
2024-05-07 06:04:49,718 : INFO : ConfigProcessor : Loading config from cache: /var/folders/l2/q8hj_6s91xnb2jxg1sqm0h7r0000gn/T/f03ad90ccd2c053e9e5d10795d01f4ba.mpf_cache
2024-05-07 06:04:49,719 : INFO : ConfigProcessor : Loading config from cache: /var/folders/l2/q8hj_6s91xnb2jxg1sqm0h7r0000gn/T/0f3c951d4c93079ae3fac6429c5bc2ee.mpf_cache
2024-05-07 06:04:49,719 : INFO : ConfigProcessor : Loading config from cache: /var/folders/l2/q8hj_6s91xnb2jxg1sqm0h7r0000gn/T/8bf004783a280ac33d17b88f37848116.mpf_cache
2024-05-07 06:04:49,720 : INFO : ConfigProcessor : Loading config from cache: /var/folders/l2/q8hj_6s91xnb2jxg1sqm0h7r0000gn/T/db98bdefe8a072cec23a2527f4303b09.mpf_cache
2024-05-07 06:04:49,720 : INFO : ConfigProcessor : Loading config from cache: /var/folders/l2/q8hj_6s91xnb2jxg1sqm0h7r0000gn/T/d5d50eaa09e055f3a827c6269a3aa165.mpf_cache
2024-05-07 06:04:49,720 : INFO : ConfigProcessor : Loading config from cache: /var/folders/l2/q8hj_6s91xnb2jxg1sqm0h7r0000gn/T/eefb91dd78a2b4d0f2b86f7f7cb501a3.mpf_cache
2024-05-07 06:04:49,721 : INFO : ConfigProcessor : Loading config from cache: /var/folders/l2/q8hj_6s91xnb2jxg1sqm0h7r0000gn/T/d32f8b43f49e3e57afbd189fbbccae80.mpf_cache
2024-05-07 06:04:49,721 : INFO : ConfigProcessor : Loading config from cache: /var/folders/l2/q8hj_6s91xnb2jxg1sqm0h7r0000gn/T/08db62a1c5938674fa894d468364ed3e.mpf_cache
2024-05-07 06:04:49,721 : INFO : ConfigProcessor : Loading config from cache: /var/folders/l2/q8hj_6s91xnb2jxg1sqm0h7r0000gn/T/98754ca8fa1663afefe3af8297a0d59a.mpf_cache
2024-05-07 06:04:49,721 : WARNING : ConfigProcessor : Config file in cache changed: /Users/tannerpetch/Documents/GitHub/lofab/modes/launch_shows/shows/./launch_tilt.yaml
2024-05-07 06:04:49,721 : INFO : ConfigProcessor : Loading config from file /Users/tannerpetch/Documents/GitHub/lofab/modes/launch_shows/shows/./launch_tilt.yaml.
2024-05-07 06:04:49,723 : INFO : ConfigProcessor : Loading config: /Users/tannerpetch/Documents/GitHub/lofab/modes/launch_shows/shows/./launch_tilt.yaml
2024-05-07 06:04:49,723 : INFO : ConfigProcessor : Config file cache created: /var/folders/l2/q8hj_6s91xnb2jxg1sqm0h7r0000gn/T/250153cb7d132f4134a2e9b694314568.mpf_cache
2024-05-07 06:04:49,723 : INFO : ConfigProcessor : Loading config from cache: /var/folders/l2/q8hj_6s91xnb2jxg1sqm0h7r0000gn/T/bbbe87a2f82c66174798be62d4e8058c.mpf_cache
2024-05-07 06:04:49,723 : INFO : Machine : Mission Pinball Framework Core Engine v0.80.0.dev1
2024-05-07 06:04:49,723 : INFO : Machine : Command line arguments: {'no_load_cache': False, 'create_config_cache': True, 'bcp': True, 'configfile': ['config.yaml'], 'force_assets_load': False, 'platform_integration_test': False, 'jsonlogging': False, 'logfile': 'logs/2024-05-07-06-04-49-mpf-Tanners-Laptop.local.log', 'pause': False, 'production': False, 'text_ui': False, 'loglevel': 15, 'consoleloglevel': 20, 'force_platform': 'virtual', 'syslog_address': None, 'mc_file_name': None, 'no_sound': False}
2024-05-07 06:04:49,723 : INFO : Machine : MPF path: /Users/tannerpetch/Documents/git/mpf/mpf
2024-05-07 06:04:49,723 : INFO : Machine : Machine path: /Users/tannerpetch/Documents/GitHub/lofab
2024-05-07 06:04:49,723 : INFO : Machine : Platform: darwin
2024-05-07 06:04:49,723 : INFO : Machine : Python executable location: /Users/tannerpetch/mpfenv/bin/python3
2024-05-07 06:04:49,723 : INFO : Machine : Python version: 3.9.13 (64-bit)
2024-05-07 06:04:49,724 : INFO : Machine : Initializing MPF...
2024-05-07 06:04:49,742 : INFO : EventManager : Event: ======'machine_var_credits_string'====== Args={'value': 'FREE PLAY', 'prev_value': None, 'change': True}
2024-05-07 06:04:49,748 : INFO : EventManager : Event: ======'machine_var_master_volume'====== Args={'value': 0.5, 'prev_value': None, 'change': True}
2024-05-07 06:04:49,749 : INFO : EventManager : Event: ======'machine_var_player1_score'====== Args={'value': 0, 'prev_value': None, 'change': True}
2024-05-07 06:04:49,749 : INFO : EventManager : Event: ======'machine_var_player2_score'====== Args={'value': 0, 'prev_value': None, 'change': True}
2024-05-07 06:04:49,749 : INFO : EventManager : Event: ======'machine_var_mpf_version'====== Args={'value': 'Mission Pinball Framework v0.80.0.dev1', 'prev_value': None, 'change': True}
2024-05-07 06:04:49,749 : INFO : EventManager : Event: ======'machine_var_mpf_extended_version'====== Args={'value': 'Mission Pinball Framework v0.80.0.dev1, Config version:6, Show version: 6, BCP version:1.1', 'prev_value': None, 'change': True}
2024-05-07 06:04:49,749 : INFO : EventManager : Event: ======'machine_var_python_version'====== Args={'value': '3.9.13', 'prev_value': None, 'change': True}
2024-05-07 06:04:49,754 : INFO : EventManager : Event: ======'machine_var_platform'====== Args={'value': 'macOS-14.3-arm64-arm-64bit', 'prev_value': None, 'change': True}
2024-05-07 06:04:49,754 : INFO : EventManager : Event: ======'machine_var_platform_system'====== Args={'value': 'Darwin', 'prev_value': None, 'change': True}
2024-05-07 06:04:49,754 : INFO : EventManager : Event: ======'machine_var_platform_release'====== Args={'value': '23.3.0', 'prev_value': None, 'change': True}
2024-05-07 06:04:49,754 : INFO : EventManager : Event: ======'machine_var_platform_version'====== Args={'value': 'Darwin Kernel Version 23.3.0: Thu Dec 21 02:29:41 PST 2023; root:xnu-10002.81.5~11/RELEASE_ARM64_T8122', 'prev_value': None, 'change': True}
2024-05-07 06:04:49,754 : INFO : EventManager : Event: ======'machine_var_platform_machine'====== Args={'value': 'arm64', 'prev_value': None, 'change': True}
2024-05-07 06:04:49,754 : INFO : EventManager : Event: ======'init_phase_1'====== Args={}
2024-05-07 06:04:49,769 : INFO : EventManager : Event: ======'init_phase_2'====== Args={}
2024-05-07 06:04:49,771 : INFO : EventManager : Event: ======'bcp_connection_attempt'====== Args={'name': 'local_display', 'host': 'localhost', 'port': 5050}
2024-05-07 06:04:49,771 : INFO : BCPClientSocket : Connecting BCP to 'local_display' at localhost:5050...
2024-05-07 06:04:54,013 : INFO : BCPClientSocket : Connected BCP to 'local_display' localhost:5050
2024-05-07 06:04:54,015 : INFO : EventManager : Event: ======'bcp_clients_connected'====== Args={}
2024-05-07 06:04:54,016 : INFO : ball_device.bd_vuk : BCH: Initial count: 0
2024-05-07 06:04:54,017 : INFO : ball_device.bd_vuk : State: idle
2024-05-07 06:04:54,018 : INFO : ball_device.bd_trough : BCH: Initial count: 0
2024-05-07 06:04:54,019 : INFO : ball_device.bd_trough : State: idle
2024-05-07 06:04:54,033 : INFO : EventManager : Event: ======'init_phase_3'====== Args={}
2024-05-07 06:04:54,196 : INFO : EventManager : Event: ======'init_phase_4'====== Args={}
2024-05-07 06:04:54,196 : INFO : BallController : Initial balls found: 0
2024-05-07 06:04:54,197 : INFO : EventManager : Event: ======'machine_var_audits_events_game_ended'====== Args={'value': 2, 'prev_value': None, 'change': True}
2024-05-07 06:04:54,197 : INFO : EventManager : Event: ======'machine_var_audits_events_game_started'====== Args={'value': 52, 'prev_value': None, 'change': True}
2024-05-07 06:04:54,197 : INFO : EventManager : Event: ======'machine_var_audits_missing_switches_s_e'====== Args={'value': 52, 'prev_value': None, 'change': True}
2024-05-07 06:04:54,197 : INFO : EventManager : Event: ======'machine_var_audits_missing_switches_s_flipper_l'====== Args={'value': 35, 'prev_value': None, 'change': True}
2024-05-07 06:04:54,197 : INFO : EventManager : Event: ======'machine_var_audits_missing_switches_s_flipper_r'====== Args={'value': 41, 'prev_value': None, 'change': True}
2024-05-07 06:04:54,197 : INFO : EventManager : Event: ======'machine_var_audits_missing_switches_s_h'====== Args={'value': 52, 'prev_value': None, 'change': True}
2024-05-07 06:04:54,197 : INFO : EventManager : Event: ======'machine_var_audits_missing_switches_s_launch'====== Args={'value': 1, 'prev_value': None, 'change': True}
2024-05-07 06:04:54,197 : INFO : EventManager : Event: ======'machine_var_audits_missing_switches_s_pop'====== Args={'value': 52, 'prev_value': None, 'change': True}
2024-05-07 06:04:54,197 : INFO : EventManager : Event: ======'machine_var_audits_missing_switches_s_ramp_complete'====== Args={'value': 52, 'prev_value': None, 'change': True}
2024-05-07 06:04:54,197 : INFO : EventManager : Event: ======'machine_var_audits_missing_switches_s_ramp_l'====== Args={'value': 52, 'prev_value': None, 'change': True}
2024-05-07 06:04:54,197 : INFO : EventManager : Event: ======'machine_var_audits_missing_switches_s_ramp_r'====== Args={'value': 52, 'prev_value': None, 'change': True}
2024-05-07 06:04:54,197 : INFO : EventManager : Event: ======'machine_var_audits_missing_switches_s_sling_l'====== Args={'value': 11, 'prev_value': None, 'change': True}
2024-05-07 06:04:54,197 : INFO : EventManager : Event: ======'machine_var_audits_missing_switches_s_sling_r'====== Args={'value': 11, 'prev_value': None, 'change': True}
2024-05-07 06:04:54,197 : INFO : EventManager : Event: ======'machine_var_audits_missing_switches_s_spinner'====== Args={'value': 52, 'prev_value': None, 'change': True}
2024-05-07 06:04:54,197 : INFO : EventManager : Event: ======'machine_var_audits_missing_switches_s_start'====== Args={'value': 13, 'prev_value': None, 'change': True}
2024-05-07 06:04:54,197 : INFO : EventManager : Event: ======'machine_var_audits_missing_switches_s_stationary_back'====== Args={'value': 52, 'prev_value': None, 'change': True}
2024-05-07 06:04:54,197 : INFO : EventManager : Event: ======'machine_var_audits_missing_switches_s_stationary_o'====== Args={'value': 11, 'prev_value': None, 'change': True}
2024-05-07 06:04:54,197 : INFO : EventManager : Event: ======'machine_var_audits_missing_switches_s_stationary_s'====== Args={'value': 17, 'prev_value': None, 'change': True}
2024-05-07 06:04:54,197 : INFO : EventManager : Event: ======'machine_var_audits_missing_switches_s_stationary_u'====== Args={'value': 38, 'prev_value': None, 'change': True}
2024-05-07 06:04:54,197 : INFO : EventManager : Event: ======'machine_var_audits_missing_switches_s_tilt_l'====== Args={'value': 52, 'prev_value': None, 'change': True}
2024-05-07 06:04:54,197 : INFO : EventManager : Event: ======'machine_var_audits_missing_switches_s_tilt_r'====== Args={'value': 52, 'prev_value': None, 'change': True}
2024-05-07 06:04:54,197 : INFO : EventManager : Event: ======'machine_var_audits_missing_switches_s_trough_1'====== Args={'value': 1, 'prev_value': None, 'change': True}
2024-05-07 06:04:54,197 : INFO : EventManager : Event: ======'machine_var_audits_missing_switches_s_trough_2'====== Args={'value': 24, 'prev_value': None, 'change': True}
2024-05-07 06:04:54,197 : INFO : EventManager : Event: ======'machine_var_audits_missing_switches_s_trough_3'====== Args={'value': 52, 'prev_value': None, 'change': True}
2024-05-07 06:04:54,197 : INFO : EventManager : Event: ======'machine_var_audits_missing_switches_s_trough_4'====== Args={'value': 50, 'prev_value': None, 'change': True}
2024-05-07 06:04:54,197 : INFO : EventManager : Event: ======'machine_var_audits_missing_switches_s_vuk'====== Args={'value': 50, 'prev_value': None, 'change': True}
2024-05-07 06:04:54,197 : INFO : EventManager : Event: ======'machine_var_audits_player_score'====== Args={'value': {'average': 0, 'top': [100, 0, 0, 0], 'total': 4}, 'prev_value': None, 'change': True}
2024-05-07 06:04:54,197 : INFO : EventManager : Event: ======'machine_var_audits_shots_r_o'====== Args={'value': 56, 'prev_value': None, 'change': True}
2024-05-07 06:04:54,197 : INFO : EventManager : Event: ======'machine_var_audits_shots_r_o_fleshy'====== Args={'value': 98, 'prev_value': None, 'change': True}
2024-05-07 06:04:54,197 : INFO : EventManager : Event: ======'machine_var_audits_shots_r_o_rotate'====== Args={'value': 46, 'prev_value': None, 'change': True}
2024-05-07 06:04:54,197 : INFO : EventManager : Event: ======'machine_var_audits_shots_r_s'====== Args={'value': 23, 'prev_value': None, 'change': True}
2024-05-07 06:04:54,197 : INFO : EventManager : Event: ======'machine_var_audits_shots_r_s_fleshy'====== Args={'value': 68, 'prev_value': None, 'change': True}
2024-05-07 06:04:54,197 : INFO : EventManager : Event: ======'machine_var_audits_shots_r_s_rotate'====== Args={'value': 45, 'prev_value': None, 'change': True}
2024-05-07 06:04:54,197 : INFO : EventManager : Event: ======'machine_var_audits_shots_r_sling_l'====== Args={'value': 12, 'prev_value': None, 'change': True}
2024-05-07 06:04:54,197 : INFO : EventManager : Event: ======'machine_var_audits_shots_r_sling_r'====== Args={'value': 18, 'prev_value': None, 'change': True}
2024-05-07 06:04:54,197 : INFO : EventManager : Event: ======'machine_var_audits_shots_r_u'====== Args={'value': 4, 'prev_value': None, 'change': True}
2024-05-07 06:04:54,197 : INFO : EventManager : Event: ======'machine_var_audits_switches_s_e'====== Args={'value': 0, 'prev_value': None, 'change': True}
2024-05-07 06:04:54,198 : INFO : EventManager : Event: ======'machine_var_audits_switches_s_flipper_l'====== Args={'value': 17, 'prev_value': None, 'change': True}
2024-05-07 06:04:54,198 : INFO : EventManager : Event: ======'machine_var_audits_switches_s_flipper_r'====== Args={'value': 1, 'prev_value': None, 'change': True}
2024-05-07 06:04:54,198 : INFO : EventManager : Event: ======'machine_var_audits_switches_s_h'====== Args={'value': 0, 'prev_value': None, 'change': True}
2024-05-07 06:04:54,198 : INFO : EventManager : Event: ======'machine_var_audits_switches_s_launch'====== Args={'value': 42, 'prev_value': None, 'change': True}
2024-05-07 06:04:54,198 : INFO : EventManager : Event: ======'machine_var_audits_switches_s_pop'====== Args={'value': 0, 'prev_value': None, 'change': True}
2024-05-07 06:04:54,198 : INFO : EventManager : Event: ======'machine_var_audits_switches_s_ramp_complete'====== Args={'value': 0, 'prev_value': None, 'change': True}
2024-05-07 06:04:54,198 : INFO : EventManager : Event: ======'machine_var_audits_switches_s_ramp_l'====== Args={'value': 0, 'prev_value': None, 'change': True}
2024-05-07 06:04:54,198 : INFO : EventManager : Event: ======'machine_var_audits_switches_s_ramp_r'====== Args={'value': 0, 'prev_value': None, 'change': True}
2024-05-07 06:04:54,198 : INFO : EventManager : Event: ======'machine_var_audits_switches_s_sling_l'====== Args={'value': 12, 'prev_value': None, 'change': True}
2024-05-07 06:04:54,198 : INFO : EventManager : Event: ======'machine_var_audits_switches_s_sling_r'====== Args={'value': 18, 'prev_value': None, 'change': True}
2024-05-07 06:04:54,198 : INFO : EventManager : Event: ======'machine_var_audits_switches_s_spinner'====== Args={'value': 0, 'prev_value': None, 'change': True}
2024-05-07 06:04:54,198 : INFO : EventManager : Event: ======'machine_var_audits_switches_s_start'====== Args={'value': 6, 'prev_value': None, 'change': True}
2024-05-07 06:04:54,198 : INFO : EventManager : Event: ======'machine_var_audits_switches_s_stationary_back'====== Args={'value': 0, 'prev_value': None, 'change': True}
2024-05-07 06:04:54,198 : INFO : EventManager : Event: ======'machine_var_audits_switches_s_stationary_o'====== Args={'value': 102, 'prev_value': None, 'change': True}
2024-05-07 06:04:54,198 : INFO : EventManager : Event: ======'machine_var_audits_switches_s_stationary_s'====== Args={'value': 68, 'prev_value': None, 'change': True}
2024-05-07 06:04:54,198 : INFO : EventManager : Event: ======'machine_var_audits_switches_s_stationary_u'====== Args={'value': 23, 'prev_value': None, 'change': True}
2024-05-07 06:04:54,198 : INFO : EventManager : Event: ======'machine_var_audits_switches_s_tilt_l'====== Args={'value': 0, 'prev_value': None, 'change': True}
2024-05-07 06:04:54,198 : INFO : EventManager : Event: ======'machine_var_audits_switches_s_tilt_r'====== Args={'value': 0, 'prev_value': None, 'change': True}
2024-05-07 06:04:54,198 : INFO : EventManager : Event: ======'machine_var_audits_switches_s_trough_1'====== Args={'value': 7, 'prev_value': None, 'change': True}
2024-05-07 06:04:54,198 : INFO : EventManager : Event: ======'machine_var_audits_switches_s_trough_2'====== Args={'value': 1, 'prev_value': None, 'change': True}
2024-05-07 06:04:54,198 : INFO : EventManager : Event: ======'machine_var_audits_switches_s_trough_3'====== Args={'value': 0, 'prev_value': None, 'change': True}
2024-05-07 06:04:54,198 : INFO : EventManager : Event: ======'machine_var_audits_switches_s_trough_4'====== Args={'value': 1, 'prev_value': None, 'change': True}
2024-05-07 06:04:54,198 : INFO : EventManager : Event: ======'machine_var_audits_switches_s_vuk'====== Args={'value': 6, 'prev_value': None, 'change': True}
2024-05-07 06:04:54,199 : INFO : EventManager : Event: ======'init_phase_5'====== Args={}
2024-05-07 06:04:54,199 : INFO : EventManager : Event: ======'init_done'====== Args={}
2024-05-07 06:04:54,199 : INFO : EventManager : Event: ======'machine_reset_phase_1'====== Args={}
2024-05-07 06:04:54,212 : INFO : EventManager : Event: ======'machine_reset_phase_2'====== Args={}
2024-05-07 06:04:54,212 : INFO : EventManager : Event: ======'machine_reset_phase_3'====== Args={}
2024-05-07 06:04:54,212 : INFO : EventManager : Event: ======'reset_complete'====== Args={}
2024-05-07 06:04:54,212 : INFO : EventManager : Event: ======'mode_attract_will_start'====== Args={}
2024-05-07 06:04:54,212 : INFO : EventManager : Event: ======'mode_attract_starting'====== Args={}
2024-05-07 06:04:54,212 : INFO : Mode.attract : Started. Priority: 10
2024-05-07 06:04:54,212 : INFO : EventManager : Event: ======'modes_active_modes_changed'====== Args={}
2024-05-07 06:04:54,212 : INFO : EventManager : Event: ======'mode_attract_started'====== Args={}
2024-05-07 06:04:54,212 : INFO : EventManager : Event: ======'collecting_balls_complete'====== Args={}
2024-05-07 06:04:54,213 : INFO : Machine : Starting the main run loop.
2024-05-07 06:04:54,286 : INFO : EventManager : Event: ======'slide_attract2_created'====== Args={'_from_bcp': True}
2024-05-07 06:04:54,286 : INFO : EventManager : Event: ======'slide__removed'====== Args={'_from_bcp': True}
2024-05-07 06:04:54,286 : INFO : EventManager : Event: ======'slide_attract2_active'====== Args={'original_context': 'show_3', 'cmd': 'slides_play', '_from_bcp': True}
2024-05-07 06:04:54,603 : INFO : BcpServer : New client connected.
2024-05-07 06:04:57,093 : INFO : SwitchController : <<<<<<< 's_trough_1' active >>>>>>>
2024-05-07 06:04:57,208 : INFO : SwitchController : <<<<<<< 's_trough_1' inactive >>>>>>>
2024-05-07 06:04:57,231 : INFO : EventManager : Event: ======'slide_attract_fast_created'====== Args={'_from_bcp': True}
2024-05-07 06:04:57,233 : INFO : EventManager : Event: ======'slide_attract2_inactive'====== Args={'_from_bcp': True}
2024-05-07 06:04:57,234 : INFO : EventManager : Event: ======'slide_attract_fast_active'====== Args={'original_context': 'show_3', 'cmd': 'slides_play', '_from_bcp': True}
2024-05-07 06:04:57,234 : INFO : EventManager : Event: ======'slide_attract2_removed'====== Args={'_from_bcp': True}
2024-05-07 06:04:57,462 : INFO : SwitchController : <<<<<<< 's_trough_1' active >>>>>>>
2024-05-07 06:04:57,963 : INFO : EventManager : Event: ======'balldevice_bd_trough_ball_count_changed'====== Args={'balls': 1}
2024-05-07 06:04:57,964 : INFO : ball_device.bd_trough : Received unexpected ball
2024-05-07 06:04:57,964 : INFO : EventManager : Event: ======'balldevice_captured_from_playfield'====== Args={'balls': 1}
2024-05-07 06:04:57,964 : INFO : EventManager : Event: ======'sw_playfield_active'====== Args={'balls': 1}
2024-05-07 06:04:57,964 : INFO : EventManager : Event: ======'playfield_active'====== Args={}
2024-05-07 06:04:57,965 : INFO : EventManager : Event: ======'unexpected_ball_on_playfield'====== Args={}
2024-05-07 06:04:57,965 : INFO : EventManager : Event: ======'playfield_ball_count_change'====== Args={'balls': -1, 'change': -1}
2024-05-07 06:04:57,965 : INFO : EventManager : Event: ======'balldevice_playfield_ball_enter'====== Args={'new_balls': 1, 'unclaimed_balls': 1, 'device': <playfield.playfield>}
2024-05-07 06:04:57,966 : INFO : EventManager : Event: ======'playfield_ball_count_change'====== Args={'balls': 0, 'change': 1}
2024-05-07 06:04:57,966 : INFO : BallController : Found a new ball which was captured from playfield. Known balls: 1
2024-05-07 06:04:57,966 : INFO : EventManager : Event: ======'found_new_ball'====== Args={}
2024-05-07 06:04:57,966 : INFO : EventManager : Event: ======'balldevice_bd_trough_ball_enter'====== Args={'new_balls': 1, 'unclaimed_balls': 1, 'new_available_balls': 1, 'device': <ball_device.bd_trough>}
2024-05-07 06:04:57,966 : INFO : EventManager : Event: ======'ball_drain'====== Args={'device': <ball_device.bd_trough>, 'balls': 1}
2024-05-07 06:04:57,967 : INFO : EventManager : Event: ======'balldevice_balls_available'====== Args={}
2024-05-07 06:04:57,967 : INFO : EventManager : Event: ======'balldevice_bd_trough_ball_entered'====== Args={'new_balls': 1, 'device': <ball_device.bd_trough>}
2024-05-07 06:04:59,477 : INFO : SwitchController : <<<<<<< 's_start' active >>>>>>>
2024-05-07 06:04:59,576 : INFO : SwitchController : <<<<<<< 's_start' inactive >>>>>>>
2024-05-07 06:04:59,576 : INFO : EventManager : Event: ======'request_to_start_game'====== Args={}
2024-05-07 06:04:59,576 : INFO : EventManager : Event: ======'game_start'====== Args={'buttons': [], 'hold_time': 0.09873524999999894}
2024-05-07 06:04:59,577 : INFO : EventManager : Event: ======'mode_game_will_start'====== Args={'buttons': [], 'hold_time': 0.09873524999999894}
2024-05-07 06:04:59,577 : INFO : EventManager : Event: ======'mode_game_starting'====== Args={'buttons': [], 'hold_time': 0.09873524999999894}
2024-05-07 06:04:59,577 : INFO : EventManager : Event: ======'mode_attract_will_stop'====== Args={}
2024-05-07 06:04:59,578 : INFO : EventManager : Event: ======'mode_attract_stopping'====== Args={}
2024-05-07 06:04:59,578 : INFO : Mode.attract : Stopped.
2024-05-07 06:04:59,578 : INFO : EventManager : Event: ======'modes_active_modes_changed'====== Args={}
2024-05-07 06:04:59,579 : INFO : EventManager : Event: ======'mode_attract_stopped'====== Args={}
2024-05-07 06:04:59,579 : INFO : EventManager : Event: ======'clear'====== Args={'key': 'attract'}
2024-05-07 06:04:59,579 : INFO : Mode.game : Started. Priority: 20
2024-05-07 06:04:59,579 : INFO : EventManager : Event: ======'modes_active_modes_changed'====== Args={}
2024-05-07 06:04:59,579 : INFO : EventManager : Event: ======'mode_game_started'====== Args={'buttons': [], 'hold_time': 0.09873524999999894}
2024-05-07 06:04:59,580 : INFO : EventManager : Event: ======'game_will_start'====== Args={}
2024-05-07 06:04:59,580 : INFO : EventManager : Event: ======'game_starting'====== Args={'game': <Mode.game>}
2024-05-07 06:04:59,580 : INFO : EventManager : Unordered handler for class <Auditor> on event game_ended with priority 1. Handlers: [RegisteredHandler(callback=<bound method Auditor.disable of <Auditor>>, priority=1, kwargs={}, key=UUID('fab1c067-abe2-4966-9b7b-8eb784818e4b'), condition=None, blocking_facility=None), RegisteredHandler(callback=<bound method Auditor._save_audits of <Auditor>>, priority=1, kwargs={}, key=UUID('d4fd24fb-926e-42ee-8bdc-f0e2c31aa28b'), condition=None, blocking_facility=None)]. The order of those handlers is not defined and they will be executed in random order. This might lead to race conditions and potential bugs.
2024-05-07 06:04:59,580 : INFO : EventManager : Event: ======'player_add_request'====== Args={}
2024-05-07 06:04:59,581 : INFO : EventManager : Event: ======'player_will_add'====== Args={'number': 1}
2024-05-07 06:04:59,581 : INFO : EventManager : Event: ======'player_adding'====== Args={'player': <Player 1>, 'number': 1}
2024-05-07 06:04:59,581 : INFO : EventManager : Event: ======'player_added'====== Args={'player': <Player 1>, 'num': 1}
2024-05-07 06:04:59,581 : INFO : Mode.game : Player added successfully. Total players: 1
2024-05-07 06:04:59,581 : INFO : EventManager : Event: ======'player_index'====== Args={'value': 0, 'prev_value': 0, 'change': 0, 'player_num': 1}
2024-05-07 06:04:59,581 : INFO : EventManager : Event: ======'player_number'====== Args={'value': 1, 'prev_value': 1, 'change': 0, 'player_num': 1}
2024-05-07 06:04:59,582 : INFO : EventManager : Event: ======'player_current_room'====== Args={'value': 'LIVING ROOM', 'prev_value': 'LIVING ROOM', 'change': False, 'player_num': 1}
2024-05-07 06:04:59,582 : INFO : EventManager : Event: ======'player_score'====== Args={'value': 0, 'prev_value': 0, 'change': 0, 'player_num': 1}
2024-05-07 06:04:59,582 : INFO : EventManager : Event: ======'game_started'====== Args={}
2024-05-07 06:04:59,582 : INFO : EventManager : Event: ======'player_turn_will_start'====== Args={'player': <Player 1>, 'number': 1}
2024-05-07 06:04:59,583 : INFO : EventManager : Event: ======'player_turn_starting'====== Args={'player': <Player 1>, 'number': 1}
2024-05-07 06:04:59,585 : INFO : EventManager : Event: ======'player_ball'====== Args={'value': 1, 'prev_value': 0, 'change': 1, 'player_num': 1}
2024-05-07 06:04:59,585 : INFO : EventManager : Event: ======'player_turn_started'====== Args={'player': <Player 1>, 'number': 1}
2024-05-07 06:04:59,586 : INFO : EventManager : Event: ======'ball_will_start'====== Args={'player': 1, 'ball': 1, 'balls_remaining': 2, 'is_extra_ball': False}
2024-05-07 06:04:59,586 : INFO : EventManager : Event: ======'ball_starting'====== Args={'player': 1, 'ball': 1, 'balls_remaining': 2, 'is_extra_ball': False}
2024-05-07 06:04:59,586 : INFO : EventManager : Event: ======'mode_base_will_start'====== Args={'queue': <QueuedEvent>, 'player': 1, 'ball': 1, 'balls_remaining': 2, 'is_extra_ball': False}
2024-05-07 06:04:59,586 : INFO : EventManager : Event: ======'player_shot_r_pop_enabled'====== Args={'value': True, 'prev_value': 0, 'change': 1, 'player_num': 1}
2024-05-07 06:04:59,586 : INFO : EventManager : Event: ======'player_shot_r_sling_l_enabled'====== Args={'value': True, 'prev_value': 0, 'change': 1, 'player_num': 1}
2024-05-07 06:04:59,587 : INFO : EventManager : Event: ======'player_shot_r_sling_r_enabled'====== Args={'value': True, 'prev_value': 0, 'change': 1, 'player_num': 1}
2024-05-07 06:04:59,587 : INFO : EventManager : Event: ======'player_shot_r_h_enabled'====== Args={'value': True, 'prev_value': 0, 'change': 1, 'player_num': 1}
2024-05-07 06:04:59,587 : INFO : EventManager : Event: ======'player_shot_r_o_enabled'====== Args={'value': True, 'prev_value': 0, 'change': 1, 'player_num': 1}
2024-05-07 06:04:59,588 : INFO : EventManager : Event: ======'player_shot_r_u_enabled'====== Args={'value': True, 'prev_value': 0, 'change': 1, 'player_num': 1}
2024-05-07 06:04:59,588 : INFO : EventManager : Event: ======'player_shot_r_s_enabled'====== Args={'value': True, 'prev_value': 0, 'change': 1, 'player_num': 1}
2024-05-07 06:04:59,588 : INFO : EventManager : Event: ======'player_shot_r_e_enabled'====== Args={'value': True, 'prev_value': 0, 'change': 1, 'player_num': 1}
2024-05-07 06:04:59,589 : INFO : EventManager : Event: ======'player_shot_r_ramp_r_enabled'====== Args={'value': True, 'prev_value': 0, 'change': 1, 'player_num': 1}
2024-05-07 06:04:59,589 : INFO : EventManager : Event: ======'player_shot_r_ramp_l_enabled'====== Args={'value': True, 'prev_value': 0, 'change': 1, 'player_num': 1}
2024-05-07 06:04:59,589 : INFO : EventManager : Event: ======'player_shot_r_vuk_enabled'====== Args={'value': True, 'prev_value': 0, 'change': 1, 'player_num': 1}
2024-05-07 06:04:59,589 : INFO : EventManager : Event: ======'player_shot_r_vuk_bank_enabled'====== Args={'value': True, 'prev_value': 0, 'change': 1, 'player_num': 1}
2024-05-07 06:04:59,590 : INFO : EventManager : Event: ======'player_shot_r_right_orbit_enabled'====== Args={'value': True, 'prev_value': 0, 'change': 1, 'player_num': 1}
2024-05-07 06:04:59,590 : INFO : EventManager : Event: ======'player_shot_r_pop_stationary_enabled'====== Args={'value': True, 'prev_value': 0, 'change': 1, 'player_num': 1}
2024-05-07 06:04:59,591 : INFO : EventManager : Event: ======'mode_base_starting'====== Args={'queue': <QueuedEvent>, 'player': 1, 'ball': 1, 'balls_remaining': 2, 'is_extra_ball': False}
2024-05-07 06:04:59,591 : INFO : EventManager : Event: ======'waiting_for_launch_press'====== Args={}
2024-05-07 06:04:59,592 : INFO : EventManager : Event: ======'mode_launch_shows_will_start'====== Args={}
2024-05-07 06:04:59,592 : INFO : EventManager : Event: ======'mode_launch_shows_starting'====== Args={}
2024-05-07 06:04:59,592 : INFO : Mode.launch_shows : Started. Priority: 200
2024-05-07 06:04:59,592 : INFO : EventManager : Event: ======'modes_active_modes_changed'====== Args={}
2024-05-07 06:04:59,592 : INFO : EventManager : Event: ======'mode_launch_shows_started'====== Args={}
2024-05-07 06:04:59,593 : INFO : Mode.base : Started. Priority: 100
2024-05-07 06:04:59,593 : INFO : EventManager : Event: ======'modes_active_modes_changed'====== Args={}
2024-05-07 06:04:59,593 : INFO : EventManager : Event: ======'mode_base_started'====== Args={'queue': <QueuedEvent>, 'player': 1, 'ball': 1, 'balls_remaining': 2, 'is_extra_ball': False}
2024-05-07 06:04:59,632 : INFO : EventManager : Event: ======'slide_launch_created'====== Args={'_from_bcp': True}
2024-05-07 06:04:59,632 : INFO : EventManager : Event: ======'slide_attract_fast_inactive'====== Args={'_from_bcp': True}
2024-05-07 06:04:59,632 : INFO : EventManager : Event: ======'slide_launch_active'====== Args={'original_context': 'launch_shows', 'original_calling_context': 'mode_launch_shows_started', 'cmd': 'slides_play', '_from_bcp': True}
2024-05-07 06:04:59,633 : INFO : EventManager : Event: ======'slide_attract_fast_removed'====== Args={'_from_bcp': True}
2024-05-07 06:05:01,427 : INFO : SwitchController : <<<<<<< 's_launch' active >>>>>>>
2024-05-07 06:05:01,427 : INFO : EventManager : Event: ======'e_launch_press'====== Args={}
2024-05-07 06:05:01,427 : INFO : EventManager : Event: ======'machine_var_audits_switches_s_launch'====== Args={'value': 43, 'prev_value': 42, 'change': 1}
2024-05-07 06:05:01,432 : INFO : EventManager : Event: ======'balls_in_play'====== Args={'balls': 1}
2024-05-07 06:05:01,432 : INFO : EventManager : Event: ======'ball_started'====== Args={'player': 1, 'ball': 1, 'balls_remaining': 2, 'is_extra_ball': False}
2024-05-07 06:05:01,433 : INFO : EventManager : Event: ======'mode_launch_shows_will_stop'====== Args={}
2024-05-07 06:05:01,433 : INFO : EventManager : Event: ======'mode_launch_shows_stopping'====== Args={}
2024-05-07 06:05:01,433 : INFO : EventManager : Event: ======'mode_lane_rotate_will_start'====== Args={'player': 1, 'ball': 1, 'balls_remaining': 2, 'is_extra_ball': False}
2024-05-07 06:05:01,433 : INFO : EventManager : Event: ======'player_shot_r_h_rotate_enabled'====== Args={'value': True, 'prev_value': 0, 'change': 1, 'player_num': 1}
2024-05-07 06:05:01,434 : INFO : EventManager : Event: ======'player_shot_r_o_rotate_enabled'====== Args={'value': True, 'prev_value': 0, 'change': 1, 'player_num': 1}
2024-05-07 06:05:01,435 : INFO : EventManager : Event: ======'player_shot_r_u_rotate_enabled'====== Args={'value': True, 'prev_value': 0, 'change': 1, 'player_num': 1}
2024-05-07 06:05:01,435 : INFO : EventManager : Event: ======'player_shot_r_s_rotate_enabled'====== Args={'value': True, 'prev_value': 0, 'change': 1, 'player_num': 1}
2024-05-07 06:05:01,435 : INFO : EventManager : Event: ======'player_shot_r_e_rotate_enabled'====== Args={'value': True, 'prev_value': 0, 'change': 1, 'player_num': 1}
2024-05-07 06:05:01,437 : INFO : EventManager : Event: ======'mode_lane_rotate_starting'====== Args={'player': 1, 'ball': 1, 'balls_remaining': 2, 'is_extra_ball': False}
2024-05-07 06:05:01,438 : INFO : EventManager : Event: ======'mode_mult_fleshy_qualify_will_start'====== Args={'player': 1, 'ball': 1, 'balls_remaining': 2, 'is_extra_ball': False}
2024-05-07 06:05:01,439 : INFO : EventManager : Event: ======'player_shot_r_o_fleshy_enabled'====== Args={'value': True, 'prev_value': 0, 'change': 1, 'player_num': 1}
2024-05-07 06:05:01,439 : INFO : EventManager : Event: ======'player_shot_r_s_fleshy_enabled'====== Args={'value': True, 'prev_value': 0, 'change': 1, 'player_num': 1}
2024-05-07 06:05:01,441 : INFO : EventManager : Event: ======'fleshy_shots_complete'====== Args={'state': 'unlit'}
2024-05-07 06:05:01,441 : INFO : EventManager : Event: ======'fleshy_shots_unlit_complete'====== Args={}
2024-05-07 06:05:01,442 : INFO : EventManager : Event: ======'mode_mult_fleshy_qualify_starting'====== Args={'player': 1, 'ball': 1, 'balls_remaining': 2, 'is_extra_ball': False}
2024-05-07 06:05:01,442 : INFO : EventManager : Event: ======'mode_start_ball_save_will_start'====== Args={'player': 1, 'ball': 1, 'balls_remaining': 2, 'is_extra_ball': False}
2024-05-07 06:05:01,443 : INFO : EventManager : Event: ======'mode_start_ball_save_starting'====== Args={'player': 1, 'ball': 1, 'balls_remaining': 2, 'is_extra_ball': False}
2024-05-07 06:05:01,444 : INFO : Mode.start_ball_save : Started. Priority: 100
2024-05-07 06:05:01,444 : INFO : EventManager : Event: ======'modes_active_modes_changed'====== Args={}
2024-05-07 06:05:01,444 : INFO : EventManager : Event: ======'mode_start_ball_save_started'====== Args={'player': 1, 'ball': 1, 'balls_remaining': 2, 'is_extra_ball': False}
2024-05-07 06:05:01,445 : INFO : EventManager : Event: ======'ball_save_ball_save_ball_save_enabled'====== Args={}
2024-05-07 06:05:01,445 : INFO : Mode.mult_fleshy_qualify : Started. Priority: 100
2024-05-07 06:05:01,445 : INFO : EventManager : Event: ======'modes_active_modes_changed'====== Args={}
2024-05-07 06:05:01,445 : INFO : EventManager : Event: ======'mode_mult_fleshy_qualify_started'====== Args={'player': 1, 'ball': 1, 'balls_remaining': 2, 'is_extra_ball': False}
2024-05-07 06:05:01,446 : INFO : Mode.lane_rotate : Started. Priority: 100
2024-05-07 06:05:01,446 : INFO : EventManager : Event: ======'modes_active_modes_changed'====== Args={}
2024-05-07 06:05:01,446 : INFO : EventManager : Event: ======'mode_lane_rotate_started'====== Args={'player': 1, 'ball': 1, 'balls_remaining': 2, 'is_extra_ball': False}
2024-05-07 06:05:01,446 : INFO : Mode.launch_shows : Stopped.
2024-05-07 06:05:01,446 : INFO : EventManager : Event: ======'modes_active_modes_changed'====== Args={}
2024-05-07 06:05:01,447 : INFO : EventManager : Event: ======'mode_launch_shows_stopped'====== Args={}
2024-05-07 06:05:01,447 : INFO : EventManager : Event: ======'clear'====== Args={'key': 'launch_shows'}
2024-05-07 06:05:01,447 : INFO : EventManager : Event: ======'single_player_ball_started'====== Args={}
2024-05-07 06:05:01,449 : INFO : EventManager : Event: ======'ball_start_target'====== Args={'target': 'playfield'}
2024-05-07 06:05:01,449 : INFO : ball_device.bd_trough : Setting up player-controlled eject. Balls: 1, Target: <playfield.playfield>, player_controlled_eject_event: None
2024-05-07 06:05:01,449 : INFO : ball_device.bd_trough : Adding 1 ball(s) to the eject_queue with target <playfield.playfield>.
2024-05-07 06:05:01,450 : INFO : EventManager : Event: ======'balldevice_balls_available'====== Args={}
2024-05-07 06:05:01,450 : INFO : ball_device.bd_trough : State: waiting_for_target_ready
2024-05-07 06:05:01,450 : INFO : EventManager : Event: ======'balldevice_bd_trough_ball_eject_attempt'====== Args={'balls': 1, 'target': <playfield.playfield>, 'source': <ball_device.bd_trough>, 'mechanical_eject': False, 'num_attempts': 0}
2024-05-07 06:05:01,450 : INFO : ball_device.bd_trough : State: ejecting
2024-05-07 06:05:01,451 : INFO : ball_device.bd_trough : Ejecting ball to <playfield.playfield>
2024-05-07 06:05:01,451 : INFO : EventManager : Event: ======'balldevice_bd_trough_ejecting_ball'====== Args={'balls': 1, 'target': <playfield.playfield>, 'source': <ball_device.bd_trough>, 'mechanical_eject': False, 'num_attempts': 0}
2024-05-07 06:05:01,451 : INFO : EventManager : Event: ======'ball_save_ball_save_ball_save_timer_start'====== Args={}
2024-05-07 06:05:01,451 : INFO : ball_device.bd_trough : Wait for ball to leave device
2024-05-07 06:05:01,452 : INFO : coil.c_trough : Pulsing Driver for 14ms (1.0 pulse_power)
2024-05-07 06:05:01,520 : INFO : EventManager : Event: ======'slide_base_created'====== Args={'_from_bcp': True}
2024-05-07 06:05:01,520 : INFO : EventManager : Event: ======'slide_launch_inactive'====== Args={'_from_bcp': True}
2024-05-07 06:05:01,520 : INFO : EventManager : Event: ======'slide_base_active'====== Args={'original_context': 'base', 'original_calling_context': 'mode_launch_shows_stopped', 'cmd': 'slides_play', '_from_bcp': True}
2024-05-07 06:05:01,520 : INFO : EventManager : Event: ======'slide_launch_removed'====== Args={'_from_bcp': True}
2024-05-07 06:05:01,564 : INFO : SwitchController : <<<<<<< 's_launch' inactive >>>>>>>
2024-05-07 06:05:03,445 : INFO : SwitchController : <<<<<<< 's_stationary_o' active >>>>>>>
2024-05-07 06:05:03,445 : INFO : EventManager : Event: ======'playfield_active'====== Args={}
2024-05-07 06:05:03,445 : INFO : EventManager : Event: ======'playfield_active'====== Args={}
2024-05-07 06:05:03,445 : INFO : EventManager : Event: ======'playfield_active'====== Args={}
2024-05-07 06:05:03,445 : INFO : EventManager : Event: ======'s_stationary_o_active'====== Args={}
2024-05-07 06:05:03,446 : INFO : EventManager : Event: ======'sw_playfield_active'====== Args={}
2024-05-07 06:05:03,446 : INFO : EventManager : Event: ======'machine_var_audits_switches_s_stationary_o'====== Args={'value': 103, 'prev_value': 102, 'change': 1}
2024-05-07 06:05:03,446 : INFO : EventManager : Event: ======'machine_var_audits_shots_r_o'====== Args={'value': 57, 'prev_value': 56, 'change': 1}
2024-05-07 06:05:03,450 : INFO : EventManager : Event: ======'r_o_hit'====== Args={'profile': 'sp_base', 'state': 'state_base', 'advancing': False}
2024-05-07 06:05:03,451 : INFO : EventManager : Event: ======'r_o_sp_base_hit'====== Args={'profile': 'sp_base', 'state': 'state_base', 'advancing': False}
2024-05-07 06:05:03,451 : INFO : EventManager : Event: ======'r_o_sp_base_state_base_hit'====== Args={'profile': 'sp_base', 'state': 'state_base', 'advancing': False}
2024-05-07 06:05:03,451 : INFO : EventManager : Event: ======'r_o_state_base_hit'====== Args={'profile': 'sp_base', 'state': 'state_base', 'advancing': False}
2024-05-07 06:05:03,452 : INFO : EventManager : Event: ======'player_shot_r_o_rotate'====== Args={'value': 1, 'prev_value': 0, 'change': 1, 'player_num': 1}
2024-05-07 06:05:03,452 : INFO : EventManager : Event: ======'machine_var_audits_shots_r_o_rotate'====== Args={'value': 47, 'prev_value': 46, 'change': 1}
2024-05-07 06:05:03,453 : INFO : EventManager : Event: ======'r_o_rotate_hit'====== Args={'profile': 'rotate_profile', 'state': None, 'advancing': True}
2024-05-07 06:05:03,453 : INFO : EventManager : Event: ======'r_o_rotate_rotate_profile_hit'====== Args={'profile': 'rotate_profile', 'state': None, 'advancing': True}
2024-05-07 06:05:03,453 : INFO : EventManager : Event: ======'r_o_rotate_rotate_profile_None_hit'====== Args={'profile': 'rotate_profile', 'state': None, 'advancing': True}
2024-05-07 06:05:03,453 : INFO : EventManager : Event: ======'r_o_rotate_None_hit'====== Args={'profile': 'rotate_profile', 'state': None, 'advancing': True}
2024-05-07 06:05:03,453 : INFO : EventManager : Event: ======'player_shot_r_o_fleshy'====== Args={'value': 1, 'prev_value': 0, 'change': 1, 'player_num': 1}
2024-05-07 06:05:03,454 : INFO : EventManager : Event: ======'machine_var_audits_shots_r_o_fleshy'====== Args={'value': 99, 'prev_value': 98, 'change': 1}
2024-05-07 06:05:03,455 : INFO : EventManager : Event: ======'r_o_fleshy_hit'====== Args={'profile': 'fleshy_profile', 'state': 'unlit', 'advancing': True}
2024-05-07 06:05:03,455 : INFO : EventManager : Event: ======'r_o_fleshy_fleshy_profile_hit'====== Args={'profile': 'fleshy_profile', 'state': 'unlit', 'advancing': True}
2024-05-07 06:05:03,455 : INFO : EventManager : Event: ======'r_o_fleshy_fleshy_profile_unlit_hit'====== Args={'profile': 'fleshy_profile', 'state': 'unlit', 'advancing': True}
2024-05-07 06:05:03,455 : INFO : EventManager : Event: ======'r_o_fleshy_unlit_hit'====== Args={'profile': 'fleshy_profile', 'state': 'unlit', 'advancing': True}
2024-05-07 06:05:03,456 : INFO : EventManager : Event: ======'rotate_group_hit'====== Args={}
2024-05-07 06:05:03,456 : INFO : EventManager : Event: ======'rotate_group_None_hit'====== Args={}
2024-05-07 06:05:03,456 : INFO : EventManager : Event: ======'fleshy_shots_hit'====== Args={}
2024-05-07 06:05:03,456 : INFO : EventManager : Event: ======'fleshy_shots_unlit_hit'====== Args={}
2024-05-07 06:05:03,456 : INFO : EventManager : Event: ======'playfield_active'====== Args={}
2024-05-07 06:05:03,458 : INFO : EventManager : Event: ======'balldevice_bd_trough_ball_eject_failed'====== Args={'target': <playfield.playfield>, 'balls': 1, 'retry': True, 'num_attempts': 1}
2024-05-07 06:05:03,459 : INFO : ball_device.bd_trough : State: waiting_for_target_ready
2024-05-07 06:05:03,459 : INFO : EventManager : Event: ======'balldevice_bd_trough_ball_eject_attempt'====== Args={'balls': 1, 'target': <playfield.playfield>, 'source': <ball_device.bd_trough>, 'mechanical_eject': False, 'num_attempts': 1}
2024-05-07 06:05:03,459 : INFO : ball_device.bd_trough : State: ejecting
2024-05-07 06:05:03,459 : INFO : ball_device.bd_trough : Ejecting ball to <playfield.playfield>
2024-05-07 06:05:03,459 : INFO : EventManager : Event: ======'balldevice_bd_trough_ejecting_ball'====== Args={'balls': 1, 'target': <playfield.playfield>, 'source': <ball_device.bd_trough>, 'mechanical_eject': False, 'num_attempts': 1}
2024-05-07 06:05:03,460 : INFO : ball_device.bd_trough : Wait for ball to leave device
2024-05-07 06:05:03,460 : INFO : coil.c_trough : Pulsing Driver for 14ms (1.0 pulse_power)
2024-05-07 06:05:03,576 : INFO : SwitchController : <<<<<<< 's_stationary_o' inactive >>>>>>>
2024-05-07 06:05:03,678 : INFO : SwitchController : <<<<<<< 's_stationary_o' active >>>>>>>
2024-05-07 06:05:03,678 : INFO : EventManager : Event: ======'playfield_active'====== Args={}
2024-05-07 06:05:03,679 : INFO : EventManager : Event: ======'playfield_active'====== Args={}
2024-05-07 06:05:03,679 : INFO : EventManager : Event: ======'playfield_active'====== Args={}
2024-05-07 06:05:03,679 : INFO : EventManager : Event: ======'s_stationary_o_active'====== Args={}
2024-05-07 06:05:03,679 : INFO : EventManager : Event: ======'sw_playfield_active'====== Args={}
2024-05-07 06:05:03,679 : INFO : EventManager : Event: ======'machine_var_audits_switches_s_stationary_o'====== Args={'value': 104, 'prev_value': 103, 'change': 1}
2024-05-07 06:05:03,680 : INFO : EventManager : Event: ======'machine_var_audits_shots_r_o'====== Args={'value': 58, 'prev_value': 57, 'change': 1}
2024-05-07 06:05:03,680 : INFO : EventManager : Event: ======'r_o_hit'====== Args={'profile': 'sp_base', 'state': 'state_base', 'advancing': False}
2024-05-07 06:05:03,680 : INFO : EventManager : Event: ======'r_o_sp_base_hit'====== Args={'profile': 'sp_base', 'state': 'state_base', 'advancing': False}
2024-05-07 06:05:03,680 : INFO : EventManager : Event: ======'r_o_sp_base_state_base_hit'====== Args={'profile': 'sp_base', 'state': 'state_base', 'advancing': False}
2024-05-07 06:05:03,680 : INFO : EventManager : Event: ======'r_o_state_base_hit'====== Args={'profile': 'sp_base', 'state': 'state_base', 'advancing': False}
2024-05-07 06:05:03,680 : INFO : EventManager : Event: ======'machine_var_audits_shots_r_o_rotate'====== Args={'value': 48, 'prev_value': 47, 'change': 1}
2024-05-07 06:05:03,680 : INFO : EventManager : Event: ======'r_o_rotate_hit'====== Args={'profile': 'rotate_profile', 'state': 'hit', 'advancing': False}
2024-05-07 06:05:03,681 : INFO : EventManager : Event: ======'r_o_rotate_rotate_profile_hit'====== Args={'profile': 'rotate_profile', 'state': 'hit', 'advancing': False}
2024-05-07 06:05:03,681 : INFO : EventManager : Event: ======'r_o_rotate_rotate_profile_hit_hit'====== Args={'profile': 'rotate_profile', 'state': 'hit', 'advancing': False}
2024-05-07 06:05:03,681 : INFO : EventManager : Event: ======'r_o_rotate_hit_hit'====== Args={'profile': 'rotate_profile', 'state': 'hit', 'advancing': False}
2024-05-07 06:05:03,682 : INFO : EventManager : Event: ======'player_shot_r_o_fleshy'====== Args={'value': 2, 'prev_value': 1, 'change': 1, 'player_num': 1}
2024-05-07 06:05:03,682 : INFO : EventManager : Event: ======'machine_var_audits_shots_r_o_fleshy'====== Args={'value': 100, 'prev_value': 99, 'change': 1}
2024-05-07 06:05:03,682 : INFO : EventManager : Event: ======'r_o_fleshy_hit'====== Args={'profile': 'fleshy_profile', 'state': 'light1lit', 'advancing': True}
2024-05-07 06:05:03,683 : INFO : EventManager : Event: ======'r_o_fleshy_fleshy_profile_hit'====== Args={'profile': 'fleshy_profile', 'state': 'light1lit', 'advancing': True}
2024-05-07 06:05:03,683 : INFO : EventManager : Event: ======'r_o_fleshy_fleshy_profile_light1lit_hit'====== Args={'profile': 'fleshy_profile', 'state': 'light1lit', 'advancing': True}
2024-05-07 06:05:03,683 : INFO : EventManager : Event: ======'r_o_fleshy_light1lit_hit'====== Args={'profile': 'fleshy_profile', 'state': 'light1lit', 'advancing': True}
2024-05-07 06:05:03,683 : INFO : EventManager : Event: ======'rotate_group_hit'====== Args={}
2024-05-07 06:05:03,683 : INFO : EventManager : Event: ======'rotate_group_hit_hit'====== Args={}
2024-05-07 06:05:03,683 : INFO : EventManager : Event: ======'fleshy_shots_hit'====== Args={}
2024-05-07 06:05:03,683 : INFO : EventManager : Event: ======'fleshy_shots_light1lit_hit'====== Args={}
2024-05-07 06:05:03,683 : INFO : EventManager : Event: ======'playfield_active'====== Args={}
2024-05-07 06:05:03,776 : INFO : SwitchController : <<<<<<< 's_stationary_o' inactive >>>>>>>
2024-05-07 06:05:03,860 : INFO : SwitchController : <<<<<<< 's_stationary_o' active >>>>>>>
2024-05-07 06:05:03,860 : INFO : EventManager : Event: ======'playfield_active'====== Args={}
2024-05-07 06:05:03,860 : INFO : EventManager : Event: ======'playfield_active'====== Args={}
2024-05-07 06:05:03,860 : INFO : EventManager : Event: ======'playfield_active'====== Args={}
2024-05-07 06:05:03,861 : INFO : EventManager : Event: ======'s_stationary_o_active'====== Args={}
2024-05-07 06:05:03,861 : INFO : EventManager : Event: ======'sw_playfield_active'====== Args={}
2024-05-07 06:05:03,861 : INFO : EventManager : Event: ======'machine_var_audits_switches_s_stationary_o'====== Args={'value': 105, 'prev_value': 104, 'change': 1}
2024-05-07 06:05:03,862 : INFO : EventManager : Event: ======'machine_var_audits_shots_r_o'====== Args={'value': 59, 'prev_value': 58, 'change': 1}
2024-05-07 06:05:03,862 : INFO : EventManager : Event: ======'r_o_hit'====== Args={'profile': 'sp_base', 'state': 'state_base', 'advancing': False}
2024-05-07 06:05:03,862 : INFO : EventManager : Event: ======'r_o_sp_base_hit'====== Args={'profile': 'sp_base', 'state': 'state_base', 'advancing': False}
2024-05-07 06:05:03,862 : INFO : EventManager : Event: ======'r_o_sp_base_state_base_hit'====== Args={'profile': 'sp_base', 'state': 'state_base', 'advancing': False}
2024-05-07 06:05:03,862 : INFO : EventManager : Event: ======'r_o_state_base_hit'====== Args={'profile': 'sp_base', 'state': 'state_base', 'advancing': False}
2024-05-07 06:05:03,862 : INFO : EventManager : Event: ======'machine_var_audits_shots_r_o_rotate'====== Args={'value': 49, 'prev_value': 48, 'change': 1}
2024-05-07 06:05:03,862 : INFO : EventManager : Event: ======'r_o_rotate_hit'====== Args={'profile': 'rotate_profile', 'state': 'hit', 'advancing': False}
2024-05-07 06:05:03,862 : INFO : EventManager : Event: ======'r_o_rotate_rotate_profile_hit'====== Args={'profile': 'rotate_profile', 'state': 'hit', 'advancing': False}
2024-05-07 06:05:03,863 : INFO : EventManager : Event: ======'r_o_rotate_rotate_profile_hit_hit'====== Args={'profile': 'rotate_profile', 'state': 'hit', 'advancing': False}
2024-05-07 06:05:03,863 : INFO : EventManager : Event: ======'r_o_rotate_hit_hit'====== Args={'profile': 'rotate_profile', 'state': 'hit', 'advancing': False}
2024-05-07 06:05:03,863 : INFO : EventManager : Event: ======'player_shot_r_o_fleshy'====== Args={'value': 3, 'prev_value': 2, 'change': 1, 'player_num': 1}
2024-05-07 06:05:03,863 : INFO : EventManager : Event: ======'machine_var_audits_shots_r_o_fleshy'====== Args={'value': 101, 'prev_value': 100, 'change': 1}
2024-05-07 06:05:03,863 : INFO : EventManager : Event: ======'r_o_fleshy_hit'====== Args={'profile': 'fleshy_profile', 'state': 'light2lit', 'advancing': True}
2024-05-07 06:05:03,863 : INFO : EventManager : Event: ======'r_o_fleshy_fleshy_profile_hit'====== Args={'profile': 'fleshy_profile', 'state': 'light2lit', 'advancing': True}
2024-05-07 06:05:03,863 : INFO : EventManager : Event: ======'r_o_fleshy_fleshy_profile_light2lit_hit'====== Args={'profile': 'fleshy_profile', 'state': 'light2lit', 'advancing': True}
2024-05-07 06:05:03,863 : INFO : EventManager : Event: ======'r_o_fleshy_light2lit_hit'====== Args={'profile': 'fleshy_profile', 'state': 'light2lit', 'advancing': True}
2024-05-07 06:05:03,864 : INFO : EventManager : Event: ======'rotate_group_hit'====== Args={}
2024-05-07 06:05:03,864 : INFO : EventManager : Event: ======'rotate_group_hit_hit'====== Args={}
2024-05-07 06:05:03,864 : INFO : EventManager : Event: ======'fleshy_shots_hit'====== Args={}
2024-05-07 06:05:03,864 : INFO : EventManager : Event: ======'fleshy_shots_light2lit_hit'====== Args={}
2024-05-07 06:05:03,864 : INFO : EventManager : Event: ======'playfield_active'====== Args={}
2024-05-07 06:05:03,958 : INFO : SwitchController : <<<<<<< 's_stationary_o' inactive >>>>>>>
2024-05-07 06:05:04,453 : INFO : EventManager : Event: ======'ball_save_ball_save_ball_save_hurry_up'====== Args={}
2024-05-07 06:05:05,078 : INFO : SwitchController : <<<<<<< 's_stationary_s' active >>>>>>>
2024-05-07 06:05:05,078 : INFO : EventManager : Event: ======'playfield_active'====== Args={}
2024-05-07 06:05:05,078 : INFO : EventManager : Event: ======'playfield_active'====== Args={}
2024-05-07 06:05:05,079 : INFO : EventManager : Event: ======'playfield_active'====== Args={}
2024-05-07 06:05:05,079 : INFO : EventManager : Event: ======'s_stationary_s_active'====== Args={}
2024-05-07 06:05:05,079 : INFO : EventManager : Event: ======'sw_playfield_active'====== Args={}
2024-05-07 06:05:05,079 : INFO : EventManager : Event: ======'machine_var_audits_switches_s_stationary_s'====== Args={'value': 69, 'prev_value': 68, 'change': 1}
2024-05-07 06:05:05,080 : INFO : EventManager : Event: ======'machine_var_audits_shots_r_s'====== Args={'value': 24, 'prev_value': 23, 'change': 1}
2024-05-07 06:05:05,080 : INFO : EventManager : Event: ======'r_s_hit'====== Args={'profile': 'sp_base', 'state': 'state_base', 'advancing': False}
2024-05-07 06:05:05,080 : INFO : EventManager : Event: ======'r_s_sp_base_hit'====== Args={'profile': 'sp_base', 'state': 'state_base', 'advancing': False}
2024-05-07 06:05:05,081 : INFO : EventManager : Event: ======'r_s_sp_base_state_base_hit'====== Args={'profile': 'sp_base', 'state': 'state_base', 'advancing': False}
2024-05-07 06:05:05,081 : INFO : EventManager : Event: ======'r_s_state_base_hit'====== Args={'profile': 'sp_base', 'state': 'state_base', 'advancing': False}
2024-05-07 06:05:05,081 : INFO : EventManager : Event: ======'player_shot_r_s_rotate'====== Args={'value': 1, 'prev_value': 0, 'change': 1, 'player_num': 1}
2024-05-07 06:05:05,082 : INFO : EventManager : Event: ======'machine_var_audits_shots_r_s_rotate'====== Args={'value': 46, 'prev_value': 45, 'change': 1}
2024-05-07 06:05:05,082 : INFO : EventManager : Event: ======'r_s_rotate_hit'====== Args={'profile': 'rotate_profile', 'state': None, 'advancing': True}
2024-05-07 06:05:05,082 : INFO : EventManager : Event: ======'r_s_rotate_rotate_profile_hit'====== Args={'profile': 'rotate_profile', 'state': None, 'advancing': True}
2024-05-07 06:05:05,083 : INFO : EventManager : Event: ======'r_s_rotate_rotate_profile_None_hit'====== Args={'profile': 'rotate_profile', 'state': None, 'advancing': True}
2024-05-07 06:05:05,083 : INFO : EventManager : Event: ======'r_s_rotate_None_hit'====== Args={'profile': 'rotate_profile', 'state': None, 'advancing': True}
2024-05-07 06:05:05,083 : INFO : EventManager : Event: ======'player_shot_r_s_fleshy'====== Args={'value': 1, 'prev_value': 0, 'change': 1, 'player_num': 1}
2024-05-07 06:05:05,084 : INFO : EventManager : Event: ======'machine_var_audits_shots_r_s_fleshy'====== Args={'value': 69, 'prev_value': 68, 'change': 1}
2024-05-07 06:05:05,084 : INFO : EventManager : Event: ======'r_s_fleshy_hit'====== Args={'profile': 'fleshy_profile', 'state': 'unlit', 'advancing': True}
2024-05-07 06:05:05,084 : INFO : EventManager : Event: ======'r_s_fleshy_fleshy_profile_hit'====== Args={'profile': 'fleshy_profile', 'state': 'unlit', 'advancing': True}
2024-05-07 06:05:05,084 : INFO : EventManager : Event: ======'r_s_fleshy_fleshy_profile_unlit_hit'====== Args={'profile': 'fleshy_profile', 'state': 'unlit', 'advancing': True}
2024-05-07 06:05:05,085 : INFO : EventManager : Event: ======'r_s_fleshy_unlit_hit'====== Args={'profile': 'fleshy_profile', 'state': 'unlit', 'advancing': True}
2024-05-07 06:05:05,085 : INFO : EventManager : Event: ======'playfield_active'====== Args={}
2024-05-07 06:05:05,085 : INFO : EventManager : Event: ======'rotate_group_hit'====== Args={}
2024-05-07 06:05:05,085 : INFO : EventManager : Event: ======'rotate_group_None_hit'====== Args={}
2024-05-07 06:05:05,086 : INFO : EventManager : Event: ======'fleshy_shots_hit'====== Args={}
2024-05-07 06:05:05,086 : INFO : EventManager : Event: ======'fleshy_shots_unlit_hit'====== Args={}
2024-05-07 06:05:05,086 : INFO : EventManager : Event: ======'playfield_active'====== Args={}
2024-05-07 06:05:05,175 : INFO : SwitchController : <<<<<<< 's_stationary_s' inactive >>>>>>>
2024-05-07 06:05:05,293 : INFO : SwitchController : <<<<<<< 's_stationary_s' active >>>>>>>
2024-05-07 06:05:05,293 : INFO : EventManager : Event: ======'playfield_active'====== Args={}
2024-05-07 06:05:05,294 : INFO : EventManager : Event: ======'playfield_active'====== Args={}
2024-05-07 06:05:05,294 : INFO : EventManager : Event: ======'playfield_active'====== Args={}
2024-05-07 06:05:05,294 : INFO : EventManager : Event: ======'s_stationary_s_active'====== Args={}
2024-05-07 06:05:05,294 : INFO : EventManager : Event: ======'sw_playfield_active'====== Args={}
2024-05-07 06:05:05,294 : INFO : EventManager : Event: ======'machine_var_audits_switches_s_stationary_s'====== Args={'value': 70, 'prev_value': 69, 'change': 1}
2024-05-07 06:05:05,295 : INFO : EventManager : Event: ======'machine_var_audits_shots_r_s'====== Args={'value': 25, 'prev_value': 24, 'change': 1}
2024-05-07 06:05:05,295 : INFO : EventManager : Event: ======'r_s_hit'====== Args={'profile': 'sp_base', 'state': 'state_base', 'advancing': False}
2024-05-07 06:05:05,295 : INFO : EventManager : Event: ======'r_s_sp_base_hit'====== Args={'profile': 'sp_base', 'state': 'state_base', 'advancing': False}
2024-05-07 06:05:05,295 : INFO : EventManager : Event: ======'r_s_sp_base_state_base_hit'====== Args={'profile': 'sp_base', 'state': 'state_base', 'advancing': False}
2024-05-07 06:05:05,295 : INFO : EventManager : Event: ======'r_s_state_base_hit'====== Args={'profile': 'sp_base', 'state': 'state_base', 'advancing': False}
2024-05-07 06:05:05,295 : INFO : EventManager : Event: ======'machine_var_audits_shots_r_s_rotate'====== Args={'value': 47, 'prev_value': 46, 'change': 1}
2024-05-07 06:05:05,296 : INFO : EventManager : Event: ======'r_s_rotate_hit'====== Args={'profile': 'rotate_profile', 'state': 'hit', 'advancing': False}
2024-05-07 06:05:05,296 : INFO : EventManager : Event: ======'r_s_rotate_rotate_profile_hit'====== Args={'profile': 'rotate_profile', 'state': 'hit', 'advancing': False}
2024-05-07 06:05:05,296 : INFO : EventManager : Event: ======'r_s_rotate_rotate_profile_hit_hit'====== Args={'profile': 'rotate_profile', 'state': 'hit', 'advancing': False}
2024-05-07 06:05:05,296 : INFO : EventManager : Event: ======'r_s_rotate_hit_hit'====== Args={'profile': 'rotate_profile', 'state': 'hit', 'advancing': False}
2024-05-07 06:05:05,296 : INFO : EventManager : Event: ======'player_shot_r_s_fleshy'====== Args={'value': 2, 'prev_value': 1, 'change': 1, 'player_num': 1}
2024-05-07 06:05:05,297 : INFO : EventManager : Event: ======'machine_var_audits_shots_r_s_fleshy'====== Args={'value': 70, 'prev_value': 69, 'change': 1}
2024-05-07 06:05:05,297 : INFO : EventManager : Event: ======'r_s_fleshy_hit'====== Args={'profile': 'fleshy_profile', 'state': 'light1lit', 'advancing': True}
2024-05-07 06:05:05,297 : INFO : EventManager : Event: ======'r_s_fleshy_fleshy_profile_hit'====== Args={'profile': 'fleshy_profile', 'state': 'light1lit', 'advancing': True}
2024-05-07 06:05:05,298 : INFO : EventManager : Event: ======'r_s_fleshy_fleshy_profile_light1lit_hit'====== Args={'profile': 'fleshy_profile', 'state': 'light1lit', 'advancing': True}
2024-05-07 06:05:05,298 : INFO : EventManager : Event: ======'r_s_fleshy_light1lit_hit'====== Args={'profile': 'fleshy_profile', 'state': 'light1lit', 'advancing': True}
2024-05-07 06:05:05,298 : INFO : EventManager : Event: ======'playfield_active'====== Args={}
2024-05-07 06:05:05,298 : INFO : EventManager : Event: ======'rotate_group_hit'====== Args={}
2024-05-07 06:05:05,298 : INFO : EventManager : Event: ======'rotate_group_hit_hit'====== Args={}
2024-05-07 06:05:05,298 : INFO : EventManager : Event: ======'fleshy_shots_hit'====== Args={}
2024-05-07 06:05:05,298 : INFO : EventManager : Event: ======'fleshy_shots_light1lit_hit'====== Args={}
2024-05-07 06:05:05,298 : INFO : EventManager : Event: ======'playfield_active'====== Args={}
2024-05-07 06:05:05,376 : INFO : SwitchController : <<<<<<< 's_stationary_s' inactive >>>>>>>
2024-05-07 06:05:05,461 : INFO : EventManager : Event: ======'balldevice_bd_trough_ball_eject_failed'====== Args={'target': <playfield.playfield>, 'balls': 1, 'retry': True, 'num_attempts': 2}
2024-05-07 06:05:05,462 : INFO : ball_device.bd_trough : State: waiting_for_target_ready
2024-05-07 06:05:05,462 : INFO : EventManager : Event: ======'balldevice_bd_trough_ball_eject_attempt'====== Args={'balls': 1, 'target': <playfield.playfield>, 'source': <ball_device.bd_trough>, 'mechanical_eject': False, 'num_attempts': 2}
2024-05-07 06:05:05,462 : INFO : ball_device.bd_trough : State: ejecting
2024-05-07 06:05:05,463 : INFO : ball_device.bd_trough : Ejecting ball to <playfield.playfield>
2024-05-07 06:05:05,463 : INFO : EventManager : Event: ======'balldevice_bd_trough_ejecting_ball'====== Args={'balls': 1, 'target': <playfield.playfield>, 'source': <ball_device.bd_trough>, 'mechanical_eject': False, 'num_attempts': 2}
2024-05-07 06:05:05,465 : INFO : ball_device.bd_trough : Wait for ball to leave device
2024-05-07 06:05:05,465 : INFO : coil.c_trough : Pulsing Driver for 14ms (1.0 pulse_power)
2024-05-07 06:05:05,497 : INFO : SwitchController : <<<<<<< 's_stationary_s' active >>>>>>>
2024-05-07 06:05:05,497 : INFO : EventManager : Event: ======'playfield_active'====== Args={}
2024-05-07 06:05:05,497 : INFO : EventManager : Event: ======'playfield_active'====== Args={}
2024-05-07 06:05:05,497 : INFO : EventManager : Event: ======'playfield_active'====== Args={}
2024-05-07 06:05:05,498 : INFO : EventManager : Event: ======'s_stationary_s_active'====== Args={}
2024-05-07 06:05:05,498 : INFO : EventManager : Event: ======'sw_playfield_active'====== Args={}
2024-05-07 06:05:05,498 : INFO : EventManager : Event: ======'machine_var_audits_switches_s_stationary_s'====== Args={'value': 71, 'prev_value': 70, 'change': 1}
2024-05-07 06:05:05,498 : INFO : EventManager : Event: ======'machine_var_audits_shots_r_s'====== Args={'value': 26, 'prev_value': 25, 'change': 1}
2024-05-07 06:05:05,498 : INFO : EventManager : Event: ======'r_s_hit'====== Args={'profile': 'sp_base', 'state': 'state_base', 'advancing': False}
2024-05-07 06:05:05,498 : INFO : EventManager : Event: ======'r_s_sp_base_hit'====== Args={'profile': 'sp_base', 'state': 'state_base', 'advancing': False}
2024-05-07 06:05:05,498 : INFO : EventManager : Event: ======'r_s_sp_base_state_base_hit'====== Args={'profile': 'sp_base', 'state': 'state_base', 'advancing': False}
2024-05-07 06:05:05,498 : INFO : EventManager : Event: ======'r_s_state_base_hit'====== Args={'profile': 'sp_base', 'state': 'state_base', 'advancing': False}
2024-05-07 06:05:05,498 : INFO : EventManager : Event: ======'machine_var_audits_shots_r_s_rotate'====== Args={'value': 48, 'prev_value': 47, 'change': 1}
2024-05-07 06:05:05,498 : INFO : EventManager : Event: ======'r_s_rotate_hit'====== Args={'profile': 'rotate_profile', 'state': 'hit', 'advancing': False}
2024-05-07 06:05:05,498 : INFO : EventManager : Event: ======'r_s_rotate_rotate_profile_hit'====== Args={'profile': 'rotate_profile', 'state': 'hit', 'advancing': False}
2024-05-07 06:05:05,498 : INFO : EventManager : Event: ======'r_s_rotate_rotate_profile_hit_hit'====== Args={'profile': 'rotate_profile', 'state': 'hit', 'advancing': False}
2024-05-07 06:05:05,498 : INFO : EventManager : Event: ======'r_s_rotate_hit_hit'====== Args={'profile': 'rotate_profile', 'state': 'hit', 'advancing': False}
2024-05-07 06:05:05,499 : INFO : EventManager : Event: ======'player_shot_r_s_fleshy'====== Args={'value': 3, 'prev_value': 2, 'change': 1, 'player_num': 1}
2024-05-07 06:05:05,499 : INFO : EventManager : Event: ======'machine_var_audits_shots_r_s_fleshy'====== Args={'value': 71, 'prev_value': 70, 'change': 1}
2024-05-07 06:05:05,499 : INFO : EventManager : Event: ======'r_s_fleshy_hit'====== Args={'profile': 'fleshy_profile', 'state': 'light2lit', 'advancing': True}
2024-05-07 06:05:05,499 : INFO : EventManager : Event: ======'r_s_fleshy_fleshy_profile_hit'====== Args={'profile': 'fleshy_profile', 'state': 'light2lit', 'advancing': True}
2024-05-07 06:05:05,499 : INFO : EventManager : Event: ======'r_s_fleshy_fleshy_profile_light2lit_hit'====== Args={'profile': 'fleshy_profile', 'state': 'light2lit', 'advancing': True}
2024-05-07 06:05:05,499 : INFO : EventManager : Event: ======'r_s_fleshy_light2lit_hit'====== Args={'profile': 'fleshy_profile', 'state': 'light2lit', 'advancing': True}
2024-05-07 06:05:05,499 : INFO : EventManager : Event: ======'playfield_active'====== Args={}
2024-05-07 06:05:05,500 : INFO : EventManager : Event: ======'rotate_group_hit'====== Args={}
2024-05-07 06:05:05,500 : INFO : EventManager : Event: ======'rotate_group_hit_hit'====== Args={}
2024-05-07 06:05:05,500 : INFO : EventManager : Event: ======'fleshy_shots_complete'====== Args={'state': 'light3lit'}
2024-05-07 06:05:05,500 : INFO : EventManager : Event: ======'fleshy_shots_light3lit_complete'====== Args={}
2024-05-07 06:05:05,500 : INFO : EventManager : Event: ======'mult_fleshy_start'====== Args={'priority': 0}
2024-05-07 06:05:05,500 : INFO : EventManager : Event: ======'fleshy_qualify_stop'====== Args={'priority': 0}
2024-05-07 06:05:05,500 : INFO : EventManager : Event: ======'mode_mult_fleshy_will_start'====== Args={'priority': 0}
2024-05-07 06:05:05,500 : INFO : EventManager : Event: ======'player_shot_r_ramp_r_fleshy_enabled'====== Args={'value': True, 'prev_value': 0, 'change': 1, 'player_num': 1}
2024-05-07 06:05:05,500 : ERROR : asyncio : Exception in callback EventManager.process_event_queue()
handle: <Handle EventManager.process_event_queue()>
Traceback (most recent call last):
  File "/Users/tannerpetch/Documents/git/mpf/mpf/core/show_controller.py", line 130, in replace_or_advance_show
    show_obj = self.machine.shows[config.name]
KeyError: 'blink'

During handling of the above exception, another exception occurred:

Traceback (most recent call last):
  File "/Users/tannerpetch/Documents/git/mpf/mpf/core/events.py", line 755, in _run_handlers
    result = handler.callback(**merged_kwargs)
  File "/Users/tannerpetch/Documents/git/mpf/mpf/core/mode.py", line 198, in start
    self._add_mode_devices()
  File "/Users/tannerpetch/Documents/git/mpf/mpf/core/mode.py", line 408, in _add_mode_devices
    device.device_loaded_in_mode(mode=self, player=self.player)
  File "/Users/tannerpetch/Documents/git/mpf/mpf/devices/shot.py", line 68, in device_loaded_in_mode
    self._update_show()
  File "/Users/tannerpetch/Documents/git/mpf/mpf/devices/shot.py", line 207, in _update_show
    self._play_show(settings=state_settings)
  File "/Users/tannerpetch/Documents/git/mpf/mpf/devices/shot.py", line 261, in _play_show
    self.running_show = self.machine.show_controller.replace_or_advance_show(self.running_show, show_config,
  File "/Users/tannerpetch/Documents/git/mpf/mpf/core/show_controller.py", line 132, in replace_or_advance_show
    raise KeyError("Cannot play show '{}'. No show with that "
KeyError: "Cannot play show 'blink'. No show with that name."

The above exception was the direct cause of the following exception:

Traceback (most recent call last):
  File "/Library/Frameworks/Python.framework/Versions/3.9/lib/python3.9/asyncio/events.py", line 80, in _run
    self._context.run(self._callback, *self._args)
  File "/Users/tannerpetch/Documents/git/mpf/mpf/core/events.py", line 846, in process_event_queue
    self._process_event(event=event[0],
  File "/Users/tannerpetch/Documents/git/mpf/mpf/core/events.py", line 808, in _process_event
    result = self._run_handlers(event, ev_type, kwargs)
  File "/Users/tannerpetch/Documents/git/mpf/mpf/core/events.py", line 757, in _run_handlers
    raise EventHandlerException(
mpf.core.events.EventHandlerException: Exception while processing RegisteredHandler(callback=<bound method Mode.start of <Mode.mult_fleshy>>, priority=200, kwargs={}, key=UUID('ad009fa8-a33e-43bc-a432-28733b98596a'), condition=None, blocking_facility=None) for event mult_fleshy_start. "Cannot play show 'blink'. No show with that name."
2024-05-07 06:05:05,504 : INFO : Machine : Shutting down...
2024-05-07 06:05:05,504 : INFO : EventManager : Event: ======'shutdown'====== Args={}
2024-05-07 06:05:05,504 : INFO : EventManager : Event: ======'mode_game_will_stop'====== Args={}
2024-05-07 06:05:05,504 : INFO : EventManager : Event: ======'mode_game_stopping'====== Args={}
2024-05-07 06:05:05,505 : INFO : EventManager : Event: ======'mode_lane_rotate_will_stop'====== Args={}
2024-05-07 06:05:05,505 : INFO : EventManager : Event: ======'mode_lane_rotate_stopping'====== Args={}
2024-05-07 06:05:05,505 : INFO : EventManager : Event: ======'mode_mult_fleshy_qualify_will_stop'====== Args={}
2024-05-07 06:05:05,505 : INFO : EventManager : Event: ======'mode_mult_fleshy_qualify_stopping'====== Args={}
2024-05-07 06:05:05,505 : INFO : EventManager : Event: ======'mode_base_will_stop'====== Args={}
2024-05-07 06:05:05,505 : INFO : EventManager : Event: ======'mode_base_stopping'====== Args={}
2024-05-07 06:05:05,505 : INFO : EventManager : Event: ======'mode_start_ball_save_will_stop'====== Args={}
2024-05-07 06:05:05,505 : INFO : EventManager : Event: ======'mode_start_ball_save_stopping'====== Args={}
2024-05-07 06:05:05,505 : INFO : Mode.start_ball_save : Stopped.
2024-05-07 06:05:05,505 : INFO : EventManager : Event: ======'modes_active_modes_changed'====== Args={}
2024-05-07 06:05:05,505 : INFO : EventManager : Event: ======'mode_start_ball_save_stopped'====== Args={}
2024-05-07 06:05:05,505 : INFO : EventManager : Event: ======'clear'====== Args={'key': 'start_ball_save'}
2024-05-07 06:05:05,505 : INFO : EventManager : Event: ======'ball_save_ball_save_ball_save_disabled'====== Args={}
2024-05-07 06:05:05,505 : INFO : Mode.base : Stopped.
2024-05-07 06:05:05,505 : INFO : EventManager : Event: ======'modes_active_modes_changed'====== Args={}
2024-05-07 06:05:05,505 : INFO : EventManager : Event: ======'mode_base_stopped'====== Args={}
2024-05-07 06:05:05,505 : INFO : EventManager : Event: ======'clear'====== Args={'key': 'base'}
2024-05-07 06:05:05,506 : INFO : Mode.mult_fleshy_qualify : Stopped.
2024-05-07 06:05:05,506 : INFO : EventManager : Event: ======'modes_active_modes_changed'====== Args={}
2024-05-07 06:05:05,506 : INFO : EventManager : Event: ======'mode_mult_fleshy_qualify_stopped'====== Args={}
2024-05-07 06:05:05,506 : INFO : EventManager : Event: ======'clear'====== Args={'key': 'mult_fleshy_qualify'}
2024-05-07 06:05:05,506 : INFO : Mode.lane_rotate : Stopped.
2024-05-07 06:05:05,506 : INFO : EventManager : Event: ======'modes_active_modes_changed'====== Args={}
2024-05-07 06:05:05,506 : INFO : EventManager : Event: ======'mode_lane_rotate_stopped'====== Args={}
2024-05-07 06:05:05,506 : INFO : EventManager : Event: ======'clear'====== Args={'key': 'lane_rotate'}
2024-05-07 06:05:05,507 : INFO : Mode.game : Stopped.
2024-05-07 06:05:05,507 : INFO : EventManager : Event: ======'modes_active_modes_changed'====== Args={}
2024-05-07 06:05:05,507 : INFO : EventManager : Event: ======'mode_game_stopped'====== Args={}
2024-05-07 06:05:05,507 : INFO : EventManager : Event: ======'clear'====== Args={'key': 'game'}
2024-05-07 06:05:05,510 : ERROR : Machine : Runtime Exception
Traceback (most recent call last):
  File "/Users/tannerpetch/Documents/git/mpf/mpf/core/show_controller.py", line 130, in replace_or_advance_show
    show_obj = self.machine.shows[config.name]
KeyError: 'blink'

During handling of the above exception, another exception occurred:

Traceback (most recent call last):
  File "/Users/tannerpetch/Documents/git/mpf/mpf/core/events.py", line 755, in _run_handlers
    result = handler.callback(**merged_kwargs)
  File "/Users/tannerpetch/Documents/git/mpf/mpf/core/mode.py", line 198, in start
    self._add_mode_devices()
  File "/Users/tannerpetch/Documents/git/mpf/mpf/core/mode.py", line 408, in _add_mode_devices
    device.device_loaded_in_mode(mode=self, player=self.player)
  File "/Users/tannerpetch/Documents/git/mpf/mpf/devices/shot.py", line 68, in device_loaded_in_mode
    self._update_show()
  File "/Users/tannerpetch/Documents/git/mpf/mpf/devices/shot.py", line 207, in _update_show
    self._play_show(settings=state_settings)
  File "/Users/tannerpetch/Documents/git/mpf/mpf/devices/shot.py", line 261, in _play_show
    self.running_show = self.machine.show_controller.replace_or_advance_show(self.running_show, show_config,
  File "/Users/tannerpetch/Documents/git/mpf/mpf/core/show_controller.py", line 132, in replace_or_advance_show
    raise KeyError("Cannot play show '{}'. No show with that "
KeyError: "Cannot play show 'blink'. No show with that name."

The above exception was the direct cause of the following exception:

Traceback (most recent call last):
  File "/Users/tannerpetch/Documents/git/mpf/mpf/core/machine.py", line 793, in _run_loop
    raise self._exception['exception']
  File "/Library/Frameworks/Python.framework/Versions/3.9/lib/python3.9/asyncio/events.py", line 80, in _run
    self._context.run(self._callback, *self._args)
  File "/Users/tannerpetch/Documents/git/mpf/mpf/core/events.py", line 846, in process_event_queue
    self._process_event(event=event[0],
  File "/Users/tannerpetch/Documents/git/mpf/mpf/core/events.py", line 808, in _process_event
    result = self._run_handlers(event, ev_type, kwargs)
  File "/Users/tannerpetch/Documents/git/mpf/mpf/core/events.py", line 757, in _run_handlers
    raise EventHandlerException(
mpf.core.events.EventHandlerException: Exception while processing RegisteredHandler(callback=<bound method Mode.start of <Mode.mult_fleshy>>, priority=200, kwargs={}, key=UUID('ad009fa8-a33e-43bc-a432-28733b98596a'), condition=None, blocking_facility=None) for event mult_fleshy_start. "Cannot play show 'blink'. No show with that name."
2024-05-07 06:05:05,511 : INFO : root : MPF run loop ended.
